Component: ARM Compiler 5.06 update 6 (build 750) Tool: armlink [4d35ed]

==============================================================================

Section Cross References

    startup_stm32f10x_hd.o(RESET) refers to startup_stm32f10x_hd.o(STACK) for __initial_sp
    startup_stm32f10x_hd.o(RESET) refers to startup_stm32f10x_hd.o(.text) for Reset_Handler
    startup_stm32f10x_hd.o(RESET) refers to stm32f10x_it.o(i.NMI_Handler) for NMI_Handler
    startup_stm32f10x_hd.o(RESET) refers to stm32f10x_it.o(i.HardFault_Handler) for HardFault_Handler
    startup_stm32f10x_hd.o(RESET) refers to stm32f10x_it.o(i.MemManage_Handler) for MemManage_Handler
    startup_stm32f10x_hd.o(RESET) refers to stm32f10x_it.o(i.BusFault_Handler) for BusFault_Handler
    startup_stm32f10x_hd.o(RESET) refers to stm32f10x_it.o(i.UsageFault_Handler) for UsageFault_Handler
    startup_stm32f10x_hd.o(RESET) refers to stm32f10x_it.o(i.SVC_Handler) for SVC_Handler
    startup_stm32f10x_hd.o(RESET) refers to stm32f10x_it.o(i.DebugMon_Handler) for DebugMon_Handler
    startup_stm32f10x_hd.o(RESET) refers to stm32f10x_it.o(i.PendSV_Handler) for PendSV_Handler
    startup_stm32f10x_hd.o(RESET) refers to stm32f10x_it.o(i.SysTick_Handler) for SysTick_Handler
    startup_stm32f10x_hd.o(RESET) refers to bsp_usart.o(i.USART1_IRQHandler) for USART1_IRQHandler
    startup_stm32f10x_hd.o(.text) refers to system_stm32f10x.o(i.SystemInit) for SystemInit
    startup_stm32f10x_hd.o(.text) refers to entry.o(.ARM.Collect$$$$00000000) for __main
    system_stm32f10x.o(i.SetSysClock) refers to system_stm32f10x.o(i.SetSysClockTo72) for SetSysClockTo72
    system_stm32f10x.o(i.SystemCoreClockUpdate) refers to system_stm32f10x.o(.data) for SystemCoreClock
    system_stm32f10x.o(i.SystemInit) refers to system_stm32f10x.o(i.SetSysClock) for SetSysClock
    main.o(i.main) refers to bsp_led.o(i.LED_GPIO_Config) for LED_GPIO_Config
    main.o(i.main) refers to bsp_usart.o(i.USART_Config) for USART_Config
    main.o(i.main) refers to bsp_u8g2.o(i.LCD12864_GPIO_Config) for LCD12864_GPIO_Config
    main.o(i.main) refers to misc.o(i.NVIC_PriorityGroupConfig) for NVIC_PriorityGroupConfig
    main.o(i.main) refers to bsp_u8g2.o(i.u8g2_init) for u8g2_init
    main.o(i.main) refers to main.o(.bss) for u8g2
    stm32f10x_it.o(i.SysTick_Handler) refers to bsp_systick.o(i.TimingDelay_Decrement) for TimingDelay_Decrement
    bsp_led.o(i.LED_GPIO_Config) refers to stm32f10x_rcc.o(i.RCC_APB2PeriphClockCmd) for RCC_APB2PeriphClockCmd
    bsp_led.o(i.LED_GPIO_Config) refers to stm32f10x_gpio.o(i.GPIO_Init) for GPIO_Init
    bsp_led.o(i.LED_GPIO_Config) refers to stm32f10x_gpio.o(i.GPIO_SetBits) for GPIO_SetBits
    bsp_usart.o(i.NVIC_Configuration) refers to misc.o(i.NVIC_PriorityGroupConfig) for NVIC_PriorityGroupConfig
    bsp_usart.o(i.NVIC_Configuration) refers to misc.o(i.NVIC_Init) for NVIC_Init
    bsp_usart.o(i.USART1_IRQHandler) refers to stm32f10x_usart.o(i.USART_GetITStatus) for USART_GetITStatus
    bsp_usart.o(i.USART1_IRQHandler) refers to stm32f10x_usart.o(i.USART_ReceiveData) for USART_ReceiveData
    bsp_usart.o(i.USART1_IRQHandler) refers to stm32f10x_usart.o(i.USART_SendData) for USART_SendData
    bsp_usart.o(i.USART_Config) refers to stm32f10x_rcc.o(i.RCC_APB2PeriphClockCmd) for RCC_APB2PeriphClockCmd
    bsp_usart.o(i.USART_Config) refers to stm32f10x_gpio.o(i.GPIO_Init) for GPIO_Init
    bsp_usart.o(i.USART_Config) refers to stm32f10x_usart.o(i.USART_Init) for USART_Init
    bsp_usart.o(i.USART_Config) refers to bsp_usart.o(i.NVIC_Configuration) for NVIC_Configuration
    bsp_usart.o(i.USART_Config) refers to stm32f10x_usart.o(i.USART_ITConfig) for USART_ITConfig
    bsp_usart.o(i.USART_Config) refers to stm32f10x_usart.o(i.USART_Cmd) for USART_Cmd
    bsp_usart.o(i.Usart_SendArray) refers to bsp_usart.o(i.Usart_SendByte) for Usart_SendByte
    bsp_usart.o(i.Usart_SendArray) refers to stm32f10x_usart.o(i.USART_GetFlagStatus) for USART_GetFlagStatus
    bsp_usart.o(i.Usart_SendByte) refers to stm32f10x_usart.o(i.USART_SendData) for USART_SendData
    bsp_usart.o(i.Usart_SendByte) refers to stm32f10x_usart.o(i.USART_GetFlagStatus) for USART_GetFlagStatus
    bsp_usart.o(i.Usart_SendHalfWord) refers to stm32f10x_usart.o(i.USART_SendData) for USART_SendData
    bsp_usart.o(i.Usart_SendHalfWord) refers to stm32f10x_usart.o(i.USART_GetFlagStatus) for USART_GetFlagStatus
    bsp_usart.o(i.Usart_SendString) refers to bsp_usart.o(i.Usart_SendByte) for Usart_SendByte
    bsp_usart.o(i.Usart_SendString) refers to stm32f10x_usart.o(i.USART_GetFlagStatus) for USART_GetFlagStatus
    bsp_usart.o(i.fgetc) refers to stm32f10x_usart.o(i.USART_GetFlagStatus) for USART_GetFlagStatus
    bsp_usart.o(i.fgetc) refers to stm32f10x_usart.o(i.USART_ReceiveData) for USART_ReceiveData
    bsp_usart.o(i.fputc) refers to stm32f10x_usart.o(i.USART_SendData) for USART_SendData
    bsp_usart.o(i.fputc) refers to stm32f10x_usart.o(i.USART_GetFlagStatus) for USART_GetFlagStatus
[...]
    Removing mui.o(i.mui_RestoreForm), (20 bytes).
    Removing mui.o(i.mui_SaveCursorPosition), (80 bytes).
    Removing mui.o(i.mui_SaveForm), (48 bytes).
    Removing mui.o(i.mui_SendSelect), (14 bytes).
    Removing mui.o(i.mui_SendSelectWithExecuteOnSelectFieldSearch), (60 bytes).
    Removing mui.o(i.mui_SendValueDecrement), (14 bytes).
    Removing mui.o(i.mui_SendValueIncrement), (14 bytes).
    Removing mui.o(i.mui_fds_first_token), (44 bytes).
    Removing mui.o(i.mui_fds_get_cmd_size), (74 bytes).
    Removing mui.o(i.mui_fds_get_cmd_size_without_text), (120 bytes).
    Removing mui.o(i.mui_fds_get_nth_token), (40 bytes).
    Removing mui.o(i.mui_fds_get_token_cnt), (34 bytes).
    Removing mui.o(i.mui_fds_next_token), (86 bytes).
    Removing mui.o(i.mui_fds_parse_text), (92 bytes).
    Removing mui.o(i.mui_find_form), (62 bytes).
    Removing mui.o(i.mui_find_uif), (58 bytes).
    Removing mui.o(i.mui_get_fds_char), (6 bytes).
    Removing mui.o(i.mui_inner_loop_over_form), (68 bytes).
    Removing mui.o(i.mui_loop_over_form), (42 bytes).
    Removing mui.o(i.mui_next_field), (44 bytes).
    Removing mui.o(i.mui_prepare_current_field), (380 bytes).
    Removing mui.o(i.mui_send_cursor_enter_msg), (20 bytes).
    Removing mui.o(i.mui_send_cursor_msg), (38 bytes).
    Removing mui.o(i.mui_task_draw), (18 bytes).
    Removing mui.o(i.mui_task_find_execute_on_select_field), (24 bytes).
    Removing mui.o(i.mui_task_find_first_cursor_uif), (24 bytes).
    Removing mui.o(i.mui_task_find_last_cursor_uif), (20 bytes).
    Removing mui.o(i.mui_task_find_next_cursor_uif), (44 bytes).
    Removing mui.o(i.mui_task_find_prev_cursor_uif), (36 bytes).
    Removing mui.o(i.mui_task_form_end), (18 bytes).
    Removing mui.o(i.mui_task_form_start), (18 bytes).
    Removing mui.o(i.mui_task_get_current_cursor_focus_position), (38 bytes).
    Removing mui.o(i.mui_task_read_nth_selectable_field), (36 bytes).
    Removing mui.o(i.mui_uif_is_cursor_selectable), (20 bytes).
    Removing mui_u8g2.o(i.mui_get_U8g2), (6 bytes).
    Removing mui_u8g2.o(i.mui_get_x), (32 bytes).
    Removing mui_u8g2.o(i.mui_get_y), (8 bytes).
    Removing mui_u8g2.o(i.mui_is_valid_char), (50 bytes).
    Removing mui_u8g2.o(i.mui_u8g2_btn_exit_wm_fi), (110 bytes).
    Removing mui_u8g2.o(i.mui_u8g2_btn_goto_w1_fi), (116 bytes).
    Removing mui_u8g2.o(i.mui_u8g2_btn_goto_w1_pi), (112 bytes).
    Removing mui_u8g2.o(i.mui_u8g2_btn_goto_w2_fi), (118 bytes).
    Removing mui_u8g2.o(i.mui_u8g2_btn_goto_w2_if), (118 bytes).
    Removing mui_u8g2.o(i.mui_u8g2_btn_goto_wm_fi), (94 bytes).
    Removing mui_u8g2.o(i.mui_u8g2_btn_goto_wm_if), (94 bytes).
    Removing mui_u8g2.o(i.mui_u8g2_draw_button_fi), (42 bytes).
    Removing mui_u8g2.o(i.mui_u8g2_draw_button_if), (42 bytes).
    Removing mui_u8g2.o(i.mui_u8g2_draw_button_pf), (42 bytes).
    Removing mui_u8g2.o(i.mui_u8g2_draw_button_pi), (42 bytes).
    Removing mui_u8g2.o(i.mui_u8g2_draw_button_utf), (72 bytes).
    Removing mui_u8g2.o(i.mui_u8g2_draw_text), (92 bytes).
    Removing mui_u8g2.o(i.mui_u8g2_get_fi_flags), (28 bytes).
    Removing mui_u8g2.o(i.mui_u8g2_get_if_flags), (42 bytes).
    Removing mui_u8g2.o(i.mui_u8g2_get_pf_flags), (30 bytes).
    Removing mui_u8g2.o(i.mui_u8g2_get_pi_flags), (30 bytes).
    Removing mui_u8g2.o(i.mui_u8g2_goto_data), (48 bytes).
    Removing mui_u8g2.o(i.mui_u8g2_goto_form_w1_pf), (166 bytes).
    Removing mui_u8g2.o(i.mui_u8g2_goto_form_w1_pi), (162 bytes).
    Removing mui_u8g2.o(i.mui_u8g2_handle_scroll_next_prev_events), (136 bytes).
    Removing mui_u8g2.o(i.mui_u8g2_set_font_style_function), (32 bytes).
    Removing mui_u8g2.o(i.mui_u8g2_u16_list_child_mse_common), (154 bytes).
    Removing mui_u8g2.o(i.mui_u8g2_u16_list_child_w1_pi), (204 bytes).
    Removing mui_u8g2.o(i.mui_u8g2_u16_list_goto_w1_pi), (182 bytes).
    Removing mui_u8g2.o(i.mui_u8g2_u16_list_line_wa_mse_pi), (138 bytes).
    Removing mui_u8g2.o(i.mui_u8g2_u16_list_line_wa_mud_pi), (174 bytes).
    Removing mui_u8g2.o(i.mui_u8g2_u16_list_parent_wm_pi), (108 bytes).
    Removing mui_u8g2.o(i.mui_u8g2_u8_bar_draw_wm), (388 bytes).
    Removing mui_u8g2.o(i.mui_u8g2_u8_bar_mse_msg_handler), (126 bytes).
    Removing mui_u8g2.o(i.mui_u8g2_u8_bar_mud_msg_handler), (166 bytes).
    Removing mui_u8g2.o(i.mui_u8g2_u8_bar_wm_mse_pf), (46 bytes).
    Removing mui_u8g2.o(i.mui_u8g2_u8_bar_wm_mse_pi), (46 bytes).
    Removing mui_u8g2.o(i.mui_u8g2_u8_bar_wm_mud_pf), (46 bytes).
    Removing mui_u8g2.o(i.mui_u8g2_u8_bar_wm_mud_pi), (46 bytes).
    Removing mui_u8g2.o(i.mui_u8g2_u8_char_wm_mud_pi), (192 bytes).
    Removing mui_u8g2.o(i.mui_u8g2_u8_chkbox_wm_pi), (292 bytes).
    Removing mui_u8g2.o(i.mui_u8g2_u8_fixed_width_bar_wm_mse_pf), (46 bytes).
    Removing mui_u8g2.o(i.mui_u8g2_u8_fixed_width_bar_wm_mse_pi), (46 bytes).
    Removing mui_u8g2.o(i.mui_u8g2_u8_fixed_width_bar_wm_mud_pf), (46 bytes).
    Removing mui_u8g2.o(i.mui_u8g2_u8_fixed_width_bar_wm_mud_pi), (46 bytes).
    Removing mui_u8g2.o(i.mui_u8g2_u8_min_max_wm_mse_pf), (110 bytes).
    Removing mui_u8g2.o(i.mui_u8g2_u8_min_max_wm_mse_pi), (110 bytes).
    Removing mui_u8g2.o(i.mui_u8g2_u8_min_max_wm_mud_pf), (152 bytes).
    Removing mui_u8g2.o(i.mui_u8g2_u8_min_max_wm_mud_pi), (152 bytes).
    Removing mui_u8g2.o(i.mui_u8g2_u8_opt_child_mse_common), (138 bytes).
    Removing mui_u8g2.o(i.mui_u8g2_u8_opt_child_wm_pi), (128 bytes).
    Removing mui_u8g2.o(i.mui_u8g2_u8_opt_line_wa_mse_pf), (138 bytes).
    Removing mui_u8g2.o(i.mui_u8g2_u8_opt_line_wa_mse_pi), (138 bytes).
    Removing mui_u8g2.o(i.mui_u8g2_u8_opt_line_wa_mud_pf), (174 bytes).
    Removing mui_u8g2.o(i.mui_u8g2_u8_opt_line_wa_mud_pi), (174 bytes).
    Removing mui_u8g2.o(i.mui_u8g2_u8_opt_parent_wm_pi), (110 bytes).
    Removing mui_u8g2.o(i.mui_u8g2_u8_opt_radio_child_w1_pi), (190 bytes).
    Removing mui_u8g2.o(i.mui_u8g2_u8_opt_radio_child_wm_pi), (208 bytes).
    Removing mui_u8g2.o(i.mui_u8g2_u8_radio_wm_pi), (284 bytes).
    Removing mui_u8g2.o(i.mui_u8g2_u8_vmm_draw_wm_pf), (132 bytes).
    Removing mui_u8g2.o(i.mui_u8g2_u8_vmm_draw_wm_pi), (132 bytes).
    Removing mui_u8g2.o(i.u8g2_DrawCheckbox), (66 bytes).
    Removing mui_u8g2.o(i.u8g2_DrawValueMark), (28 bytes).
    Removing u8g2_arc.o(i.u8g2_DrawArc), (70 bytes).
    Removing u8g2_arc.o(i.u8g2_draw_arc), (600 bytes).
    Removing u8g2_bitmap.o(i.u8g2_DrawBitmap), (90 bytes).
    Removing u8g2_bitmap.o(i.u8g2_DrawHXBM), (154 bytes).
    Removing u8g2_bitmap.o(i.u8g2_DrawHXBMP), (154 bytes).
    Removing u8g2_bitmap.o(i.u8g2_DrawHorizontalBitmap), (152 bytes).
    Removing u8g2_bitmap.o(i.u8g2_DrawXBM), (88 bytes).
    Removing u8g2_bitmap.o(i.u8g2_DrawXBMP), (88 bytes).
    Removing u8g2_bitmap.o(i.u8g2_SetBitmapMode), (6 bytes).
    Removing u8g2_box.o(i.u8g2_DrawBox), (74 bytes).
    Removing u8g2_box.o(i.u8g2_DrawFrame), (138 bytes).
    Removing u8g2_box.o(i.u8g2_DrawRBox), (318 bytes).
    Removing u8g2_box.o(i.u8g2_DrawRFrame), (332 bytes).
    Removing u8g2_buffer.o(i.u8g2_SendBuffer), (18 bytes).
    Removing u8g2_buffer.o(i.u8g2_UpdateDisplay), (12 bytes).
    Removing u8g2_buffer.o(i.u8g2_UpdateDisplayArea), (86 bytes).
    Removing u8g2_buffer.o(i.u8g2_WriteBufferPBM), (44 bytes).
    Removing u8g2_buffer.o(i.u8g2_WriteBufferPBM2), (44 bytes).
    Removing u8g2_buffer.o(i.u8g2_WriteBufferXBM), (44 bytes).
    Removing u8g2_buffer.o(i.u8g2_WriteBufferXBM2), (44 bytes).
    Removing u8g2_button.o(i.u8g2_DrawButtonFrame), (348 bytes).
    Removing u8g2_button.o(i.u8g2_DrawButtonUTF8), (124 bytes).
    Removing u8g2_circle.o(i.u8g2_DrawCircle), (70 bytes).
    Removing u8g2_circle.o(i.u8g2_DrawDisc), (70 bytes).
    Removing u8g2_circle.o(i.u8g2_DrawEllipse), (70 bytes).
    Removing u8g2_circle.o(i.u8g2_DrawFilledEllipse), (70 bytes).
    Removing u8g2_circle.o(i.u8g2_draw_circle), (128 bytes).
    Removing u8g2_circle.o(i.u8g2_draw_circle_section), (156 bytes).
    Removing u8g2_circle.o(i.u8g2_draw_disc), (128 bytes).
    Removing u8g2_circle.o(i.u8g2_draw_disc_section), (180 bytes).
    Removing u8g2_circle.o(i.u8g2_draw_ellipse), (294 bytes).
    Removing u8g2_circle.o(i.u8g2_draw_ellipse_section), (100 bytes).
    Removing u8g2_circle.o(i.u8g2_draw_filled_ellipse), (294 bytes).
    Removing u8g2_circle.o(i.u8g2_draw_filled_ellipse_section), (116 bytes).
    Removing u8g2_cleardisplay.o(i.u8g2_ClearDisplay), (32 bytes).
    Removing u8g2_font.o(i.u8g2_DrawExtUTF8), (180 bytes).
    Removing u8g2_font.o(i.u8g2_DrawExtendedUTF8), (188 bytes).
    Removing u8g2_font.o(i.u8g2_DrawGlyphX2), (42 bytes).
    Removing u8g2_font.o(i.u8g2_DrawStrX2), (36 bytes).
    Removing u8g2_font.o(i.u8g2_DrawUTF8), (36 bytes).
    Removing u8g2_font.o(i.u8g2_DrawUTF8X2), (36 bytes).
    Removing u8g2_font.o(i.u8g2_GetFontBBXHeight), (8 bytes).
    Removing u8g2_font.o(i.u8g2_GetFontBBXOffX), (8 bytes).
    Removing u8g2_font.o(i.u8g2_GetFontBBXOffY), (8 bytes).
    Removing u8g2_font.o(i.u8g2_GetFontBBXWidth), (8 bytes).
    Removing u8g2_font.o(i.u8g2_GetFontCapitalAHeight), (8 bytes).
    Removing u8g2_font.o(i.u8g2_GetFontSize), (70 bytes).
    Removing u8g2_font.o(i.u8g2_GetGlyphHorizontalProperties), (92 bytes).
    Removing u8g2_font.o(i.u8g2_GetGlyphWidth), (72 bytes).
    Removing u8g2_font.o(i.u8g2_GetStrWidth), (24 bytes).
    Removing u8g2_font.o(i.u8g2_GetStrX), (34 bytes).
    Removing u8g2_font.o(i.u8g2_GetUTF8Width), (24 bytes).
    Removing u8g2_font.o(i.u8g2_IsAllValidUTF8), (24 bytes).
    Removing u8g2_font.o(i.u8g2_IsGlyph), (24 bytes).
    Removing u8g2_font.o(i.u8g2_SetFontDirection), (6 bytes).
    Removing u8g2_font.o(i.u8g2_SetFontMode), (6 bytes).
    Removing u8g2_font.o(i.u8g2_SetFontPosBottom), (12 bytes).
    Removing u8g2_font.o(i.u8g2_SetFontPosCenter), (12 bytes).
    Removing u8g2_font.o(i.u8g2_SetFontPosTop), (12 bytes).
    Removing u8g2_font.o(i.u8g2_SetFontRefHeightAll), (18 bytes).
    Removing u8g2_font.o(i.u8g2_SetFontRefHeightExtendedText), (18 bytes).
    Removing u8g2_font.o(i.u8g2_SetFontRefHeightText), (18 bytes).
    Removing u8g2_font.o(i.u8g2_draw_string_2x), (94 bytes).
    Removing u8g2_font.o(i.u8g2_font_2x_decode_glyph), (246 bytes).
    Removing u8g2_font.o(i.u8g2_font_2x_decode_len), (212 bytes).
    Removing u8g2_font.o(i.u8g2_font_2x_draw_glyph), (58 bytes).
    Removing u8g2_font.o(i.u8g2_font_calc_vref_bottom), (10 bytes).
    Removing u8g2_font.o(i.u8g2_font_calc_vref_center), (32 bytes).
    Removing u8g2_font.o(i.u8g2_font_calc_vref_top), (14 bytes).
    Removing u8g2_font.o(i.u8g2_is_all_valid), (64 bytes).
    Removing u8g2_font.o(i.u8g2_string_width), (138 bytes).
    Removing u8g2_hvline.o(i.u8g2_DrawHLine), (28 bytes).
    Removing u8g2_hvline.o(i.u8g2_DrawPixel), (68 bytes).
    Removing u8g2_hvline.o(i.u8g2_DrawVLine), (28 bytes).
    Removing u8g2_hvline.o(i.u8g2_SetDrawColor), (16 bytes).
    Removing u8g2_input_value.o(i.u8g2_UserInterfaceInputValue), (392 bytes).
    Removing u8g2_kerning.o(i.u8g2_GetKerning), (112 bytes).
    Removing u8g2_kerning.o(i.u8g2_GetKerningByTable), (68 bytes).
    Removing u8g2_line.o(i.u8g2_DrawLine), (214 bytes).
    Removing u8g2_ll_hvline.o(i.u8g2_ll_hvline_horizontal_right_lsb), (190 bytes).
    Removing u8g2_message.o(i.u8g2_UserInterfaceMessage), (368 bytes).
    Removing u8g2_message.o(i.u8g2_draw_button_line), (190 bytes).
    Removing u8g2_polygon.o(i.pg_AddPolygonXY), (28 bytes).
    Removing u8g2_polygon.o(i.pg_ClearPolygonXY), (6 bytes).
    Removing u8g2_polygon.o(i.pg_DrawPolygon), (28 bytes).
    Removing u8g2_polygon.o(i.pg_dec), (22 bytes).
    Removing u8g2_polygon.o(i.pg_exec), (110 bytes).
    Removing u8g2_polygon.o(i.pg_expand_min_y), (84 bytes).
    Removing u8g2_polygon.o(i.pg_hline), (164 bytes).
    Removing u8g2_polygon.o(i.pg_inc), (18 bytes).
    Removing u8g2_polygon.o(i.pg_line_init), (78 bytes).
    Removing u8g2_polygon.o(i.pg_prepare), (192 bytes).
    Removing u8g2_polygon.o(i.pge_Init), (90 bytes).
    Removing u8g2_polygon.o(i.pge_Next), (78 bytes).
    Removing u8g2_polygon.o(i.u8g2_AddPolygonXY), (24 bytes).
    Removing u8g2_polygon.o(i.u8g2_ClearPolygonXY), (16 bytes).
    Removing u8g2_polygon.o(i.u8g2_DrawPolygon), (20 bytes).
    Removing u8g2_polygon.o(i.u8g2_DrawTriangle), (64 bytes).
    Removing u8g2_polygon.o(.bss), (76 bytes).
    Removing u8g2_selection_list.o(i.u8g2_DrawSelectionList), (52 bytes).
    Removing u8g2_selection_list.o(i.u8g2_DrawUTF8Line), (232 bytes).
    Removing u8g2_selection_list.o(i.u8g2_DrawUTF8Lines), (88 bytes).
    Removing u8g2_selection_list.o(i.u8g2_UserInterfaceSelectionList), (352 bytes).
    Removing u8g2_selection_list.o(i.u8g2_draw_selection_list_line), (96 bytes).
    Removing u8g2_setup.o(i.u8g2_SendF), (30 bytes).
    Removing u8g2_setup.o(i.u8g2_SetClipWindow), (42 bytes).
    Removing u8g2_setup.o(i.u8g2_SetDisplayRotation), (26 bytes).
    Removing u8g2_setup.o(i.u8g2_Setup_null), (56 bytes).
    Removing u8g2_setup.o(.data), (8 bytes).
    Removing u8log.o(i.u8log_Init), (36 bytes).
    Removing u8log.o(i.u8log_SetCallback), (6 bytes).
    Removing u8log.o(i.u8log_SetLineHeightOffset), (4 bytes).
    Removing u8log.o(i.u8log_SetRedrawMode), (4 bytes).
    Removing u8log.o(i.u8log_WriteChar), (40 bytes).
    Removing u8log.o(i.u8log_WriteDec16), (32 bytes).
    Removing u8log.o(i.u8log_WriteDec8), (32 bytes).
    Removing u8log.o(i.u8log_WriteHex16), (24 bytes).
    Removing u8log.o(i.u8log_WriteHex32), (24 bytes).
    Removing u8log.o(i.u8log_WriteHex8), (24 bytes).
    Removing u8log.o(i.u8log_WriteHexHalfByte), (42 bytes).
    Removing u8log.o(i.u8log_WriteString), (26 bytes).
    Removing u8log.o(i.u8log_clear_screen), (26 bytes).
    Removing u8log.o(i.u8log_cursor_on_screen), (46 bytes).
    Removing u8log.o(i.u8log_scroll_up), (72 bytes).
    Removing u8log.o(i.u8log_write_char), (114 bytes).
    Removing u8log.o(i.u8log_write_to_screen), (46 bytes).
    Removing u8log_u8g2.o(i.u8g2_DrawLog), (114 bytes).
    Removing u8log_u8g2.o(i.u8log_u8g2_cb), (50 bytes).
    Removing u8log_u8x8.o(i.u8log_u8x8_cb), (44 bytes).
    Removing u8log_u8x8.o(i.u8x8_DrawLog), (48 bytes).
    Removing u8log_u8x8.o(i.u8x8_DrawLogLine), (60 bytes).
    Removing u8x8_8x8.o(i.u8x8_Draw1x2Glyph), (96 bytes).
    Removing u8x8_8x8.o(i.u8x8_Draw1x2String), (36 bytes).
    Removing u8x8_8x8.o(i.u8x8_Draw1x2UTF8), (36 bytes).
    Removing u8x8_8x8.o(i.u8x8_Draw2x2Glyph), (104 bytes).
    Removing u8x8_8x8.o(i.u8x8_Draw2x2String), (36 bytes).
    Removing u8x8_8x8.o(i.u8x8_Draw2x2UTF8), (36 bytes).
    Removing u8x8_8x8.o(i.u8x8_DrawGlyph), (106 bytes).
    Removing u8x8_8x8.o(i.u8x8_DrawString), (36 bytes).
    Removing u8x8_8x8.o(i.u8x8_DrawUTF8), (36 bytes).
    Removing u8x8_8x8.o(i.u8x8_GetUTF8Len), (58 bytes).
    Removing u8x8_8x8.o(i.u8x8_SetFont), (4 bytes).
    Removing u8x8_8x8.o(i.u8x8_draw_1x2_string), (96 bytes).
    Removing u8x8_8x8.o(i.u8x8_draw_1x2_subglyph), (102 bytes).
    Removing u8x8_8x8.o(i.u8x8_draw_2x2_string), (104 bytes).
    Removing u8x8_8x8.o(i.u8x8_draw_2x2_subglyph), (172 bytes).
    Removing u8x8_8x8.o(i.u8x8_draw_string), (96 bytes).
    Removing u8x8_8x8.o(i.u8x8_get_glyph_data), (202 bytes).
    Removing u8x8_8x8.o(i.u8x8_upscale_buf), (28 bytes).
    Removing u8x8_8x8.o(i.u8x8_upscale_byte), (42 bytes).
    Removing u8x8_8x8.o(i.u8x8_utf8_next), (156 bytes).
    Removing u8x8_byte.o(i.i2c_clear_scl), (16 bytes).
    Removing u8x8_byte.o(i.i2c_clear_sda), (16 bytes).
    Removing u8x8_byte.o(i.i2c_delay), (18 bytes).
    Removing u8x8_byte.o(i.i2c_init), (32 bytes).
    Removing u8x8_byte.o(i.i2c_read_bit), (42 bytes).
    Removing u8x8_byte.o(i.i2c_read_scl_and_delay), (22 bytes).
    Removing u8x8_byte.o(i.i2c_read_sda), (16 bytes).
    Removing u8x8_byte.o(i.i2c_start), (60 bytes).
    Removing u8x8_byte.o(i.i2c_stop), (42 bytes).
    Removing u8x8_byte.o(i.i2c_write_bit), (42 bytes).
    Removing u8x8_byte.o(i.i2c_write_byte), (94 bytes).
    Removing u8x8_byte.o(i.u8x8_byte_3wire_sw_spi), (304 bytes).
    Removing u8x8_byte.o(i.u8x8_byte_4wire_sw_spi), (288 bytes).
    Removing u8x8_byte.o(i.u8x8_byte_8bit_8080mode), (248 bytes).
    Removing u8x8_byte.o(i.u8x8_byte_EndTransfer), (18 bytes).
    Removing u8x8_byte.o(i.u8x8_byte_StartTransfer), (18 bytes).
    Removing u8x8_byte.o(i.u8x8_byte_empty), (46 bytes).
    Removing u8x8_byte.o(i.u8x8_byte_ks0108), (240 bytes).
    Removing u8x8_byte.o(i.u8x8_byte_sed1520), (240 bytes).
    Removing u8x8_byte.o(i.u8x8_byte_set_ks0108_cs), (48 bytes).
    Removing u8x8_byte.o(i.u8x8_byte_sw_i2c), (110 bytes).
    Removing u8x8_byte.o(.data), (2 bytes).
    Removing u8x8_cad.o(i.u8x8_SendF), (30 bytes).
    Removing u8x8_cad.o(i.u8x8_cad_011), (108 bytes).
    Removing u8x8_cad.o(i.u8x8_cad_100), (108 bytes).
    Removing u8x8_cad.o(i.u8x8_cad_110), (108 bytes).
    Removing u8x8_cad.o(i.u8x8_cad_SendMultipleArg), (38 bytes).
    Removing u8x8_cad.o(i.u8x8_cad_empty), (84 bytes).
    Removing u8x8_cad.o(i.u8x8_cad_ld7032_i2c), (208 bytes).
    Removing u8x8_cad.o(i.u8x8_cad_ssd13xx_fast_i2c), (212 bytes).
    Removing u8x8_cad.o(i.u8x8_cad_ssd13xx_i2c), (146 bytes).
    Removing u8x8_cad.o(i.u8x8_cad_st75256_i2c), (174 bytes).
    Removing u8x8_cad.o(i.u8x8_cad_st7920_spi), (288 bytes).
    Removing u8x8_cad.o(i.u8x8_cad_uc1638_i2c), (396 bytes).
    Removing u8x8_cad.o(i.u8x8_cad_uc16xx_i2c), (308 bytes).
    Removing u8x8_cad.o(i.u8x8_cad_vsendf), (100 bytes).
    Removing u8x8_cad.o(i.u8x8_gu800_cad_110), (166 bytes).
    Removing u8x8_cad.o(i.u8x8_i2c_data_transfer), (46 bytes).
    Removing u8x8_cad.o(.bss), (16 bytes).
    Removing u8x8_cad.o(.data), (6 bytes).
    Removing u8x8_capture.o(i.u8x8_capture_get_pixel_1), (44 bytes).
    Removing u8x8_capture.o(i.u8x8_capture_get_pixel_2), (38 bytes).
    Removing u8x8_capture.o(i.u8x8_capture_write_pbm_buffer), (100 bytes).
    Removing u8x8_capture.o(i.u8x8_capture_write_pbm_pre), (56 bytes).
    Removing u8x8_capture.o(i.u8x8_capture_write_xbm_buffer), (268 bytes).
    Removing u8x8_capture.o(i.u8x8_capture_write_xbm_pre), (140 bytes).
    Removing u8x8_d_st7565.o(i.u8x8_d_nt7534_tg12864r), (132 bytes).
    Removing u8x8_d_st7565.o(i.u8x8_d_st7565_64128n), (132 bytes).
    Removing u8x8_d_st7565.o(i.u8x8_d_st7565_ea_dogm128), (132 bytes).
    Removing u8x8_d_st7565.o(i.u8x8_d_st7565_ea_dogm132), (132 bytes).
    Removing u8x8_d_st7565.o(i.u8x8_d_st7565_erc12864), (132 bytes).
    Removing u8x8_d_st7565.o(i.u8x8_d_st7565_erc12864_alt), (132 bytes).
    Removing u8x8_d_st7565.o(i.u8x8_d_st7565_ks0713), (132 bytes).
    Removing u8x8_d_st7565.o(i.u8x8_d_st7565_lm6059), (132 bytes).
    Removing u8x8_d_st7565.o(i.u8x8_d_st7565_lm6063), (132 bytes).
    Removing u8x8_d_st7565.o(i.u8x8_d_st7565_lx12864), (132 bytes).
    Removing u8x8_d_st7565.o(i.u8x8_d_st7565_nhd_c12832), (132 bytes).
    Removing u8x8_d_st7565.o(i.u8x8_d_st7565_zolen_128x64), (132 bytes).
    Removing u8x8_debounce.o(i.u8x8_GetMenuEvent), (150 bytes).
    Removing u8x8_debounce.o(i.u8x8_find_first_diff), (44 bytes).
    Removing u8x8_debounce.o(i.u8x8_read_pin_state), (56 bytes).
    Removing u8x8_display.o(i.u8x8_ClearDisplay), (20 bytes).
    Removing u8x8_display.o(i.u8x8_ClearDisplayWithTile), (72 bytes).
    Removing u8x8_display.o(i.u8x8_ClearLine), (56 bytes).
    Removing u8x8_display.o(i.u8x8_FillDisplay), (32 bytes).
    Removing u8x8_display.o(i.u8x8_InitInterface), (30 bytes).
    Removing u8x8_display.o(i.u8x8_SetFlipMode), (20 bytes).
    Removing u8x8_fonts.o(.constdata), (487478 bytes).
    Removing u8x8_input_value.o(i.u8x8_UserInterfaceInputValue), (372 bytes).
    Removing u8x8_message.o(i.u8x8_UserInterfaceMessage), (298 bytes).
    Removing u8x8_message.o(i.u8x8_draw_button_line), (188 bytes).
    Removing u8x8_selection_list.o(i.u8sl_Next), (48 bytes).
    Removing u8x8_selection_list.o(i.u8sl_Prev), (52 bytes).
    Removing u8x8_selection_list.o(i.u8x8_DrawSelectionList), (44 bytes).
    Removing u8x8_selection_list.o(i.u8x8_UserInterfaceSelectionList), (244 bytes).
    Removing u8x8_selection_list.o(i.u8x8_sl_string_line_cb), (100 bytes).
    Removing u8x8_setup.o(i.u8x8_d_null_cb), (52 bytes).
    Removing u8x8_setup.o(.constdata), (24 bytes).
    Removing u8x8_string.o(i.u8x8_CopyStringLine), (58 bytes).
    Removing u8x8_string.o(i.u8x8_DrawUTF8Line), (136 bytes).
    Removing u8x8_string.o(i.u8x8_DrawUTF8Lines), (68 bytes).
    Removing u8x8_string.o(i.u8x8_GetStringLineCnt), (36 bytes).
    Removing u8x8_string.o(i.u8x8_GetStringLineStart), (46 bytes).
    Removing u8x8_u8toa.o(i.u8x8_u8toa), (28 bytes).
    Removing u8x8_u8toa.o(i.u8x8_u8toap), (48 bytes).
    Removing u8x8_u8toa.o(.constdata), (3 bytes).
    Removing u8x8_u8toa.o(.data), (4 bytes).
    Removing u8x8_u16toa.o(i.u8x8_u16toa), (28 bytes).
    Removing u8x8_u16toa.o(i.u8x8_u16toap), (50 bytes).
    Removing u8x8_u16toa.o(i.u8x8_utoa), (34 bytes).
    Removing u8x8_u16toa.o(.data), (6 bytes).

821 unused section(s) (total 537887 bytes) removed from the image.

==============================================================================

Image Symbol Table

    Local Symbols

    Symbol Name                              Value     Ov Type        Size  Object(Section)

    ../clib/microlib/init/entry.s            0x00000000   Number         0  entry5.o ABSOLUTE
    ../clib/microlib/init/entry.s            0x00000000   Number         0  entry7a.o ABSOLUTE
    ../clib/microlib/init/entry.s            0x00000000   Number         0  entry7b.o ABSOLUTE
    ../clib/microlib/init/entry.s            0x00000000   Number         0  entry11b.o ABSOLUTE
    ../clib/microlib/init/entry.s            0x00000000   Number         0  entry8b.o ABSOLUTE
    ../clib/microlib/init/entry.s            0x00000000   Number         0  entry9a.o ABSOLUTE
    ../clib/microlib/init/entry.s            0x00000000   Number         0  entry9b.o ABSOLUTE
    ../clib/microlib/init/entry.s            0x00000000   Number         0  entry11a.o ABSOLUTE
    ../clib/microlib/init/entry.s            0x00000000   Number         0  entry10b.o ABSOLUTE
    ../clib/microlib/init/entry.s            0x00000000   Number         0  entry10a.o ABSOLUTE
    ../clib/microlib/init/entry.s            0x00000000   Number         0  entry2.o ABSOLUTE
    ../clib/microlib/init/entry.s            0x00000000   Number         0  entry.o ABSOLUTE
    ../clib/microlib/init/entry.s            0x00000000   Number         0  entry8a.o ABSOLUTE
    ../clib/microlib/string/memset.c         0x00000000   Number         0  memseta.o ABSOLUTE
    ..\Libraries\CMSIS\core_cm3.c            0x00000000   Number         0  core_cm3.o ABSOLUTE
    ..\Libraries\CMSIS\startup_stm32f10x_hd.s 0x00000000   Number         0  startup_stm32f10x_hd.o ABSOLUTE
    ..\Libraries\CMSIS\system_stm32f10x.c    0x00000000   Number         0  system_stm32f10x.o ABSOLUTE
    ..\Libraries\StdPeriph_Driver\src\misc.c 0x00000000   Number         0  misc.o ABSOLUTE
    ..\Libraries\StdPeriph_Driver\src\stm32f10x_adc.c 0x00000000   Number         0  stm32f10x_adc.o ABSOLUTE
    ..\Libraries\StdPeriph_Driver\src\stm32f10x_bkp.c 0x00000000   Number         0  stm32f10x_bkp.o ABSOLUTE
    ..\Libraries\StdPeriph_Driver\src\stm32f10x_can.c 0x00000000   Number         0  stm32f10x_can.o ABSOLUTE
    ..\Libraries\StdPeriph_Driver\src\stm32f10x_cec.c 0x00000000   Number         0  stm32f10x_cec.o ABSOLUTE
    ..\Libraries\StdPeriph_Driver\src\stm32f10x_crc.c 0x00000000   Number         0  stm32f10x_crc.o ABSOLUTE
    ..\Libraries\StdPeriph_Driver\src\stm32f10x_dac.c 0x00000000   Number         0  stm32f10x_dac.o ABSOLUTE
    ..\Libraries\StdPeriph_Driver\src\stm32f10x_dbgmcu.c 0x00000000   Number         0  stm32f10x_dbgmcu.o ABSOLUTE
    ..\Libraries\StdPeriph_Driver\src\stm32f10x_dma.c 0x00000000   Number         0  stm32f10x_dma.o ABSOLUTE
    ..\Libraries\StdPeriph_Driver\src\stm32f10x_exti.c 0x00000000   Number         0  stm32f10x_exti.o ABSOLUTE
    ..\Libraries\StdPeriph_Driver\src\stm32f10x_flash.c 0x00000000   Number         0  stm32f10x_flash.o ABSOLUTE
    ..\Libraries\StdPeriph_Driver\src\stm32f10x_fsmc.c 0x00000000   Number         0  stm32f10x_fsmc.o ABSOLUTE
    ..\Libraries\StdPeriph_Driver\src\stm32f10x_gpio.c 0x00000000   Number         0  stm32f10x_gpio.o ABSOLUTE
    ..\Libraries\StdPeriph_Driver\src\stm32f10x_i2c.c 0x00000000   Number         0  stm32f10x_i2c.o ABSOLUTE
    ..\Libraries\StdPeriph_Driver\src\stm32f10x_iwdg.c 0x00000000   Number         0  stm32f10x_iwdg.o ABSOLUTE
    ..\Libraries\StdPeriph_Driver\src\stm32f10x_pwr.c 0x00000000   Number         0  stm32f10x_pwr.o ABSOLUTE
    ..\Libraries\StdPeriph_Driver\src\stm32f10x_rcc.c 0x00000000   Number         0  stm32f10x_rcc.o ABSOLUTE
    ..\Libraries\StdPeriph_Driver\src\stm32f10x_rtc.c 0x00000000   Number         0  stm32f10x_rtc.o ABSOLUTE
    ..\Libraries\StdPeriph_Driver\src\stm32f10x_sdio.c 0x00000000   Number         0  stm32f10x_sdio.o ABSOLUTE
    ..\Libraries\StdPeriph_Driver\src\stm32f10x_spi.c 0x00000000   Number         0  stm32f10x_spi.o ABSOLUTE
    ..\Libraries\StdPeriph_Driver\src\stm32f10x_tim.c 0x00000000   Number         0  stm32f10x_tim.o ABSOLUTE
    ..\Libraries\StdPeriph_Driver\src\stm32f10x_usart.c 0x00000000   Number         0  stm32f10x_usart.o ABSOLUTE
    ..\Libraries\StdPeriph_Driver\src\stm32f10x_wwdg.c 0x00000000   Number         0  stm32f10x_wwdg.o ABSOLUTE
    ..\MYU8G2\mui.c                          0x00000000   Number         0  mui.o ABSOLUTE
    ..\MYU8G2\mui_u8g2.c                     0x00000000   Number         0  mui_u8g2.o ABSOLUTE
    ..\MYU8G2\u8g2_arc.c                     0x00000000   Number         0  u8g2_arc.o ABSOLUTE
    ..\MYU8G2\u8g2_bitmap.c                  0x00000000   Number         0  u8g2_bitmap.o ABSOLUTE
    ..\MYU8G2\u8g2_box.c                     0x00000000   Number         0  u8g2_box.o ABSOLUTE
    ..\MYU8G2\u8g2_buffer.c                  0x00000000   Number         0  u8g2_buffer.o ABSOLUTE
    ..\MYU8G2\u8g2_button.c                  0x00000000   Number         0  u8g2_button.o ABSOLUTE
    ..\MYU8G2\u8g2_circle.c                  0x00000000   Number         0  u8g2_circle.o ABSOLUTE
    ..\MYU8G2\u8g2_cleardisplay.c            0x00000000   Number         0  u8g2_cleardisplay.o ABSOLUTE
    ..\MYU8G2\u8g2_d_memory.c                0x00000000   Number         0  u8g2_d_memory.o ABSOLUTE
    ..\MYU8G2\u8g2_d_setup.c                 0x00000000   Number         0  u8g2_d_setup.o ABSOLUTE
    ..\MYU8G2\u8g2_font.c                    0x00000000   Number         0  u8g2_font.o ABSOLUTE
    ..\MYU8G2\u8g2_fonts.c                   0x00000000   Number         0  u8g2_fonts.o ABSOLUTE
    ..\MYU8G2\u8g2_hvline.c                  0x00000000   Number         0  u8g2_hvline.o ABSOLUTE
    ..\MYU8G2\u8g2_input_value.c             0x00000000   Number         0  u8g2_input_value.o ABSOLUTE
    ..\MYU8G2\u8g2_intersection.c            0x00000000   Number         0  u8g2_intersection.o ABSOLUTE
    ..\MYU8G2\u8g2_kerning.c                 0x00000000   Number         0  u8g2_kerning.o ABSOLUTE
    ..\MYU8G2\u8g2_line.c                    0x00000000   Number         0  u8g2_line.o ABSOLUTE
    ..\MYU8G2\u8g2_ll_hvline.c               0x00000000   Number         0  u8g2_ll_hvline.o ABSOLUTE
    ..\MYU8G2\u8g2_message.c                 0x00000000   Number         0  u8g2_message.o ABSOLUTE
    ..\MYU8G2\u8g2_polygon.c                 0x00000000   Number         0  u8g2_polygon.o ABSOLUTE
    ..\MYU8G2\u8g2_selection_list.c          0x00000000   Number         0  u8g2_selection_list.o ABSOLUTE
    ..\MYU8G2\u8g2_setup.c                   0x00000000   Number         0  u8g2_setup.o ABSOLUTE
    ..\MYU8G2\u8log.c                        0x00000000   Number         0  u8log.o ABSOLUTE
    ..\MYU8G2\u8log_u8g2.c                   0x00000000   Number         0  u8log_u8g2.o ABSOLUTE
    ..\MYU8G2\u8log_u8x8.c                   0x00000000   Number         0  u8log_u8x8.o ABSOLUTE
    ..\MYU8G2\u8x8_8x8.c                     0x00000000   Number         0  u8x8_8x8.o ABSOLUTE
    ..\MYU8G2\u8x8_byte.c                    0x00000000   Number         0  u8x8_byte.o ABSOLUTE
    ..\MYU8G2\u8x8_cad.c                     0x00000000   Number         0  u8x8_cad.o ABSOLUTE
    ..\MYU8G2\u8x8_capture.c                 0x00000000   Number         0  u8x8_capture.o ABSOLUTE
    ..\MYU8G2\u8x8_d_st7565.c                0x00000000   Number         0  u8x8_d_st7565.o ABSOLUTE
    ..\MYU8G2\u8x8_debounce.c                0x00000000   Number         0  u8x8_debounce.o ABSOLUTE
    ..\MYU8G2\u8x8_display.c                 0x00000000   Number         0  u8x8_display.o ABSOLUTE
    ..\MYU8G2\u8x8_fonts.c                   0x00000000   Number         0  u8x8_fonts.o ABSOLUTE
    ..\MYU8G2\u8x8_gpio.c                    0x00000000   Number         0  u8x8_gpio.o ABSOLUTE
    ..\MYU8G2\u8x8_input_value.c             0x00000000   Number         0  u8x8_input_value.o ABSOLUTE
    ..\MYU8G2\u8x8_message.c                 0x00000000   Number         0  u8x8_message.o ABSOLUTE
    ..\MYU8G2\u8x8_selection_list.c          0x00000000   Number         0  u8x8_selection_list.o ABSOLUTE
    ..\MYU8G2\u8x8_setup.c                   0x00000000   Number         0  u8x8_setup.o ABSOLUTE
    ..\MYU8G2\u8x8_string.c                  0x00000000   Number         0  u8x8_string.o ABSOLUTE
    ..\MYU8G2\u8x8_u16toa.c                  0x00000000   Number         0  u8x8_u16toa.o ABSOLUTE
    ..\MYU8G2\u8x8_u8toa.c                   0x00000000   Number         0  u8x8_u8toa.o ABSOLUTE
    ..\\Libraries\\CMSIS\\core_cm3.c         0x00000000   Number         0  core_cm3.o ABSOLUTE
    bsp_u8g2.c                               0x00000000   Number         0  bsp_u8g2.o ABSOLUTE
    dc.s                                     0x00000000   Number         0  dc.o ABSOLUTE
    handlers.s                               0x00000000   Number         0  handlers.o ABSOLUTE
    init.s                                   0x00000000   Number         0  init.o ABSOLUTE
    led\bsp_led.c                            0x00000000   Number         0  bsp_led.o ABSOLUTE
    main.c                                   0x00000000   Number         0  main.o ABSOLUTE
    stm32f10x_it.c                           0x00000000   Number         0  stm32f10x_it.o ABSOLUTE
    systick\bsp_SysTick.c                    0x00000000   Number         0  bsp_systick.o ABSOLUTE
    usart\bsp_usart.c                        0x00000000   Number         0  bsp_usart.o ABSOLUTE
    RESET                                    0x08000000   Section      304  startup_stm32f10x_hd.o(RESET)
    .ARM.Collect$$$$00000000                 0x08000130   Section        0  entry.o(.ARM.Collect$$$$00000000)
    .ARM.Collect$$$$00000001                 0x08000130   Section        4  entry2.o(.ARM.Collect$$$$00000001)
    .ARM.Collect$$$$00000004                 0x08000134   Section        4  entry5.o(.ARM.Collect$$$$00000004)
    .ARM.Collect$$$$00000008                 0x08000138   Section        0  entry7b.o(.ARM.Collect$$$$00000008)
    .ARM.Collect$$$$0000000A                 0x08000138   Section        0  entry8b.o(.ARM.Collect$$$$0000000A)
    .ARM.Collect$$$$0000000B                 0x08000138   Section        8  entry9a.o(.ARM.Collect$$$$0000000B)
    .ARM.Collect$$$$0000000D                 0x08000140   Section        0  entry10a.o(.ARM.Collect$$$$0000000D)
    .ARM.Collect$$$$0000000F                 0x08000140   Section        0  entry11a.o(.ARM.Collect$$$$0000000F)
    .ARM.Collect$$$$00002712                 0x08000140   Section        4  entry2.o(.ARM.Collect$$$$00002712)
    __lit__00000000                          0x08000140   Data           4  entry2.o(.ARM.Collect$$$$00002712)
    .text                                    0x08000144   Section       36  startup_stm32f10x_hd.o(.text)
    .text                                    0x08000168   Section        0  memseta.o(.text)
    .text                                    0x0800018c   Section       36  init.o(.text)
    i.BusFault_Handler                       0x080001b0   Section        0  stm32f10x_it.o(i.BusFault_Handler)
    i.DebugMon_Handler                       0x080001b4   Section        0  stm32f10x_it.o(i.DebugMon_Handler)
    i.GPIO_Init                              0x080001b6   Section        0  stm32f10x_gpio.o(i.GPIO_Init)
    i.GPIO_ResetBits                         0x080002cc   Section        0  stm32f10x_gpio.o(i.GPIO_ResetBits)
    i.GPIO_SetBits                           0x080002d0   Section        0  stm32f10x_gpio.o(i.GPIO_SetBits)
    i.HardFault_Handler                      0x080002d4   Section        0  stm32f10x_it.o(i.HardFault_Handler)
    i.LCD12864_GPIO_Config                   0x080002d8   Section        0  bsp_u8g2.o(i.LCD12864_GPIO_Config)
    i.LED_GPIO_Config                        0x08000354   Section        0  bsp_led.o(i.LED_GPIO_Config)
    i.MemManage_Handler                      0x080003b4   Section        0  stm32f10x_it.o(i.MemManage_Handler)
    i.NMI_Handler                            0x080003b8   Section        0  stm32f10x_it.o(i.NMI_Handler)
    i.NVIC_Configuration                     0x080003ba   Section        0  bsp_usart.o(i.NVIC_Configuration)
    NVIC_Configuration                       0x080003bb   Thumb Code    38  bsp_usart.o(i.NVIC_Configuration)
    i.NVIC_Init                              0x080003e0   Section        0  misc.o(i.NVIC_Init)
    i.NVIC_PriorityGroupConfig               0x08000450   Section        0  misc.o(i.NVIC_PriorityGroupConfig)
    i.PendSV_Handler                         0x08000464   Section        0  stm32f10x_it.o(i.PendSV_Handler)
    i.RCC_APB2PeriphClockCmd                 0x08000468   Section        0  stm32f10x_rcc.o(i.RCC_APB2PeriphClockCmd)
    i.RCC_GetClocksFreq                      0x08000488   Section        0  stm32f10x_rcc.o(i.RCC_GetClocksFreq)
    i.SVC_Handler                            0x0800055c   Section        0  stm32f10x_it.o(i.SVC_Handler)
    i.SetSysClock                            0x0800055e   Section        0  system_stm32f10x.o(i.SetSysClock)
    SetSysClock                              0x0800055f   Thumb Code     8  system_stm32f10x.o(i.SetSysClock)
    i.SetSysClockTo72                        0x08000568   Section        0  system_stm32f10x.o(i.SetSysClockTo72)
    SetSysClockTo72                          0x08000569   Thumb Code   214  system_stm32f10x.o(i.SetSysClockTo72)
    i.SysTick_Config                         0x08000648   Section        0  bsp_systick.o(i.SysTick_Config)
    SysTick_Config                           0x08000649   Thumb Code    76  bsp_systick.o(i.SysTick_Config)
    i.SysTick_Delay_Ms                       0x0800069c   Section        0  bsp_systick.o(i.SysTick_Delay_Ms)
    i.SysTick_Delay_Us                       0x080006e4   Section        0  bsp_systick.o(i.SysTick_Delay_Us)
    i.SysTick_Handler                        0x0800072c   Section        0  stm32f10x_it.o(i.SysTick_Handler)
    i.SystemInit                             0x08000734   Section        0  system_stm32f10x.o(i.SystemInit)
    i.TimingDelay_Decrement                  0x08000794   Section        0  bsp_systick.o(i.TimingDelay_Decrement)
    i.USART1_IRQHandler                      0x080007ac   Section        0  bsp_usart.o(i.USART1_IRQHandler)
    i.USART_Cmd                              0x080007d0   Section        0  stm32f10x_usart.o(i.USART_Cmd)
    i.USART_Config                           0x080007e8   Section        0  bsp_usart.o(i.USART_Config)
    i.USART_GetITStatus                      0x08000878   Section        0  stm32f10x_usart.o(i.USART_GetITStatus)
    i.USART_ITConfig                         0x080008cc   Section        0  stm32f10x_usart.o(i.USART_ITConfig)
    i.USART_Init                             0x08000918   Section        0  stm32f10x_usart.o(i.USART_Init)
    i.USART_ReceiveData                      0x080009f0   Section        0  stm32f10x_usart.o(i.USART_ReceiveData)
    i.USART_SendData                         0x080009fa   Section        0  stm32f10x_usart.o(i.USART_SendData)
    i.UsageFault_Handler                     0x08000a02   Section        0  stm32f10x_it.o(i.UsageFault_Handler)
    i.__scatterload_copy                     0x08000a06   Section       14  handlers.o(i.__scatterload_copy)
    i.__scatterload_null                     0x08000a14   Section        2  handlers.o(i.__scatterload_null)
    i.__scatterload_zeroinit                 0x08000a16   Section       14  handlers.o(i.__scatterload_zeroinit)
    i.gpio_and_delay_cb                      0x08000a24   Section        0  bsp_u8g2.o(i.gpio_and_delay_cb)
    i.main                                   0x08000bd0   Section        0  main.o(i.main)
    i.u8g2_ClearBuffer                       0x08000bf4   Section        0  u8g2_buffer.o(i.u8g2_ClearBuffer)
    i.u8g2_DrawGlyph                         0x08000c0e   Section        0  u8g2_font.o(i.u8g2_DrawGlyph)
    i.u8g2_DrawHVLine                        0x08000c70   Section        0  u8g2_hvline.o(i.u8g2_DrawHVLine)
    i.u8g2_DrawStr                           0x08000d4c   Section        0  u8g2_font.o(i.u8g2_DrawStr)
    i.u8g2_FirstPage                         0x08000d70   Section        0  u8g2_buffer.o(i.u8g2_FirstPage)
    i.u8g2_IsIntersection                    0x08000d8a   Section        0  u8g2_intersection.o(i.u8g2_IsIntersection)
    i.u8g2_NextPage                          0x08000dc4   Section        0  u8g2_buffer.o(i.u8g2_NextPage)
    i.u8g2_SetBufferCurrTileRow              0x08000e04   Section        0  u8g2_buffer.o(i.u8g2_SetBufferCurrTileRow)
    i.u8g2_SetFont                           0x08000e20   Section        0  u8g2_font.o(i.u8g2_SetFont)
    i.u8g2_SetFontPosBaseline                0x08000e40   Section        0  u8g2_font.o(i.u8g2_SetFontPosBaseline)
    i.u8g2_SetMaxClipWindow                  0x08000e4c   Section        0  u8g2_setup.o(i.u8g2_SetMaxClipWindow)
    i.u8g2_SetupBuffer                       0x08000e6c   Section        0  u8g2_setup.o(i.u8g2_SetupBuffer)
    i.u8g2_Setup_st7565_jlx12864_f           0x08000ec8   Section        0  u8g2_d_setup.o(i.u8g2_Setup_st7565_jlx12864_f)
    i.u8g2_UpdateRefHeight                   0x08000f0c   Section        0  u8g2_font.o(i.u8g2_UpdateRefHeight)
    i.u8g2_add_vector_x                      0x08000f94   Section        0  u8g2_font.o(i.u8g2_add_vector_x)
    i.u8g2_add_vector_y                      0x08000fbe   Section        0  u8g2_font.o(i.u8g2_add_vector_y)
    i.u8g2_apply_clip_window                 0x08000fe8   Section        0  u8g2_setup.o(i.u8g2_apply_clip_window)
    u8g2_apply_clip_window                   0x08000fe9   Thumb Code   122  u8g2_setup.o(i.u8g2_apply_clip_window)
    i.u8g2_clip_intersection2                0x08001062   Section        0  u8g2_hvline.o(i.u8g2_clip_intersection2)
    u8g2_clip_intersection2                  0x08001063   Thumb Code    76  u8g2_hvline.o(i.u8g2_clip_intersection2)
    i.u8g2_draw_hv_line_2dir                 0x080010ae   Section        0  u8g2_hvline.o(i.u8g2_draw_hv_line_2dir)
    i.u8g2_draw_l90_mirrorr_r0               0x080010da   Section        0  u8g2_setup.o(i.u8g2_draw_l90_mirrorr_r0)
    i.u8g2_draw_l90_r0                       0x08001116   Section        0  u8g2_setup.o(i.u8g2_draw_l90_r0)
    i.u8g2_draw_l90_r1                       0x0800113a   Section        0  u8g2_setup.o(i.u8g2_draw_l90_r1)
    i.u8g2_draw_l90_r2                       0x0800117e   Section        0  u8g2_setup.o(i.u8g2_draw_l90_r2)
    i.u8g2_draw_l90_r3                       0x080011d4   Section        0  u8g2_setup.o(i.u8g2_draw_l90_r3)
    i.u8g2_draw_mirror_vertical_r0           0x08001224   Section        0  u8g2_setup.o(i.u8g2_draw_mirror_vertical_r0)
    i.u8g2_draw_string                       0x08001260   Section        0  u8g2_font.o(i.u8g2_draw_string)
    u8g2_draw_string                         0x08001261   Thumb Code   144  u8g2_font.o(i.u8g2_draw_string)
    i.u8g2_font_calc_vref_font               0x080012f0   Section        0  u8g2_font.o(i.u8g2_font_calc_vref_font)
    i.u8g2_font_decode_get_signed_bits       0x080012f6   Section        0  u8g2_font.o(i.u8g2_font_decode_get_signed_bits)
    i.u8g2_font_decode_get_unsigned_bits     0x0800131a   Section        0  u8g2_font.o(i.u8g2_font_decode_get_unsigned_bits)
    i.u8g2_font_decode_glyph                 0x0800135c   Section        0  u8g2_font.o(i.u8g2_font_decode_glyph)
    i.u8g2_font_decode_len                   0x080014de   Section        0  u8g2_font.o(i.u8g2_font_decode_len)
    i.u8g2_font_draw_glyph                   0x0800158e   Section        0  u8g2_font.o(i.u8g2_font_draw_glyph)
    u8g2_font_draw_glyph                     0x0800158f   Thumb Code    58  u8g2_font.o(i.u8g2_font_draw_glyph)
    i.u8g2_font_get_byte                     0x080015c8   Section        0  u8g2_font.o(i.u8g2_font_get_byte)
    u8g2_font_get_byte                       0x080015c9   Thumb Code     8  u8g2_font.o(i.u8g2_font_get_byte)
    i.u8g2_font_get_glyph_data               0x080015d0   Section        0  u8g2_font.o(i.u8g2_font_get_glyph_data)
    i.u8g2_font_get_word                     0x08001662   Section        0  u8g2_font.o(i.u8g2_font_get_word)
    u8g2_font_get_word                       0x08001663   Thumb Code    24  u8g2_font.o(i.u8g2_font_get_word)
    i.u8g2_font_setup_decode                 0x0800167a   Section        0  u8g2_font.o(i.u8g2_font_setup_decode)
    u8g2_font_setup_decode                   0x0800167b   Thumb Code    64  u8g2_font.o(i.u8g2_font_setup_decode)
    i.u8g2_init                              0x080016bc   Section        0  bsp_u8g2.o(i.u8g2_init)
    i.u8g2_is_intersection_decision_tree     0x08001728   Section        0  u8g2_intersection.o(i.u8g2_is_intersection_decision_tree)
    i.u8g2_ll_hvline_vertical_top_lsb        0x08001758   Section        0  u8g2_ll_hvline.o(i.u8g2_ll_hvline_vertical_top_lsb)
    i.u8g2_m_16_8_f                          0x08001848   Section        0  u8g2_d_memory.o(i.u8g2_m_16_8_f)
    i.u8g2_read_font_info                    0x08001858   Section        0  u8g2_font.o(i.u8g2_read_font_info)
    i.u8g2_send_buffer                       0x08001938   Section        0  u8g2_buffer.o(i.u8g2_send_buffer)
    u8g2_send_buffer                         0x08001939   Thumb Code    54  u8g2_buffer.o(i.u8g2_send_buffer)
    i.u8g2_send_tile_row                     0x0800196e   Section        0  u8g2_buffer.o(i.u8g2_send_tile_row)
    u8g2_send_tile_row                       0x0800196f   Thumb Code    54  u8g2_buffer.o(i.u8g2_send_tile_row)
    i.u8g2_update_dimension_common           0x080019a4   Section        0  u8g2_setup.o(i.u8g2_update_dimension_common)
    u8g2_update_dimension_common             0x080019a5   Thumb Code    96  u8g2_setup.o(i.u8g2_update_dimension_common)
    i.u8g2_update_dimension_r0               0x08001a04   Section        0  u8g2_setup.o(i.u8g2_update_dimension_r0)
    i.u8g2_update_dimension_r1               0x08001a10   Section        0  u8g2_setup.o(i.u8g2_update_dimension_r1)
    i.u8g2_update_dimension_r2               0x08001a2c   Section        0  u8g2_setup.o(i.u8g2_update_dimension_r2)
    i.u8g2_update_dimension_r3               0x08001a38   Section        0  u8g2_setup.o(i.u8g2_update_dimension_r3)
    i.u8g2_update_page_win_r0                0x08001a54   Section        0  u8g2_setup.o(i.u8g2_update_page_win_r0)
    i.u8g2_update_page_win_r1                0x08001a74   Section        0  u8g2_setup.o(i.u8g2_update_page_win_r1)
    i.u8g2_update_page_win_r2                0x08001a94   Section        0  u8g2_setup.o(i.u8g2_update_page_win_r2)
    i.u8g2_update_page_win_r3                0x08001ad0   Section        0  u8g2_setup.o(i.u8g2_update_page_win_r3)
    i.u8x8_DrawTile                          0x08001b0c   Section        0  u8x8_display.o(i.u8x8_DrawTile)
    i.u8x8_InitDisplay                       0x08001b3e   Section        0  u8x8_display.o(i.u8x8_InitDisplay)
    i.u8x8_RefreshDisplay                    0x08001b50   Section        0  u8x8_display.o(i.u8x8_RefreshDisplay)
    i.u8x8_SetContrast                       0x08001b62   Section        0  u8x8_display.o(i.u8x8_SetContrast)
    i.u8x8_SetPowerSave                      0x08001b76   Section        0  u8x8_display.o(i.u8x8_SetPowerSave)
    i.u8x8_Setup                             0x08001b8a   Section        0  u8x8_setup.o(i.u8x8_Setup)
    i.u8x8_SetupDefaults                     0x08001bb4   Section        0  u8x8_setup.o(i.u8x8_SetupDefaults)
    i.u8x8_SetupMemory                       0x08001be0   Section        0  u8x8_display.o(i.u8x8_SetupMemory)
    i.u8x8_ascii_next                        0x08001bf2   Section        0  u8x8_8x8.o(i.u8x8_ascii_next)
    i.u8x8_byte_8bit_6800mode                0x08001c04   Section        0  u8x8_byte.o(i.u8x8_byte_8bit_6800mode)
    i.u8x8_byte_SendByte                     0x08001cfc   Section        0  u8x8_byte.o(i.u8x8_byte_SendByte)
    i.u8x8_byte_SendBytes                    0x08001d0c   Section        0  u8x8_byte.o(i.u8x8_byte_SendBytes)
    i.u8x8_byte_SetDC                        0x08001d26   Section        0  u8x8_byte.o(i.u8x8_byte_SetDC)
    i.u8x8_cad_001                           0x08001d3a   Section        0  u8x8_cad.o(i.u8x8_cad_001)
    i.u8x8_cad_EndTransfer                   0x08001da6   Section        0  u8x8_cad.o(i.u8x8_cad_EndTransfer)
    i.u8x8_cad_SendArg                       0x08001db8   Section        0  u8x8_cad.o(i.u8x8_cad_SendArg)
    i.u8x8_cad_SendCmd                       0x08001dcc   Section        0  u8x8_cad.o(i.u8x8_cad_SendCmd)
    i.u8x8_cad_SendData                      0x08001de0   Section        0  u8x8_cad.o(i.u8x8_cad_SendData)
    i.u8x8_cad_SendSequence                  0x08001dfa   Section        0  u8x8_cad.o(i.u8x8_cad_SendSequence)
    i.u8x8_cad_StartTransfer                 0x08001e76   Section        0  u8x8_cad.o(i.u8x8_cad_StartTransfer)
    i.u8x8_d_helper_display_init             0x08001e88   Section        0  u8x8_display.o(i.u8x8_d_helper_display_init)
    i.u8x8_d_helper_display_setup_memory     0x08001ee8   Section        0  u8x8_display.o(i.u8x8_d_helper_display_setup_memory)
    i.u8x8_d_st7565_common                   0x08001ef4   Section        0  u8x8_d_st7565.o(i.u8x8_d_st7565_common)
    i.u8x8_d_st7565_jlx12864                 0x08001fc4   Section        0  u8x8_d_st7565.o(i.u8x8_d_st7565_jlx12864)
    i.u8x8_d_st7565_nhd_c12864               0x08001fe0   Section        0  u8x8_d_st7565.o(i.u8x8_d_st7565_nhd_c12864)
    i.u8x8_dummy_cb                          0x08002064   Section        0  u8x8_setup.o(i.u8x8_dummy_cb)
    i.u8x8_gpio_call                         0x0800206c   Section        0  u8x8_gpio.o(i.u8x8_gpio_call)
    i.u8x8_utf8_init                         0x08002086   Section        0  u8x8_8x8.o(i.u8x8_utf8_init)
    .constdata                               0x0800208e   Section    12155  u8g2_fonts.o(.constdata)
    .constdata                               0x0800500c   Section       72  u8g2_setup.o(.constdata)
    .constdata                               0x08005054   Section      665  u8x8_d_st7565.o(.constdata)
    u8x8_d_st7565_powersave0_seq             0x08005054   Data           7  u8x8_d_st7565.o(.constdata)
    u8x8_d_st7565_powersave1_seq             0x0800505b   Data           7  u8x8_d_st7565.o(.constdata)
    u8x8_d_st7565_flip0_seq                  0x08005062   Data           7  u8x8_d_st7565.o(.constdata)
    u8x8_d_st7565_flip1_seq                  0x08005069   Data           7  u8x8_d_st7565.o(.constdata)
    u8x8_d_st7565_zflip0_seq                 0x08005070   Data           7  u8x8_d_st7565.o(.constdata)
    u8x8_d_st7565_zflip1_seq                 0x08005077   Data           7  u8x8_d_st7565.o(.constdata)
    u8x8_st7565_128x64_display_info          0x08005080   Data          24  u8x8_d_st7565.o(.constdata)
    u8x8_d_st7565_dogm128_init_seq           0x08005098   Data          33  u8x8_d_st7565.o(.constdata)
    u8x8_d_st7565_lm6063_init_seq            0x080050b9   Data          33  u8x8_d_st7565.o(.constdata)
    u8x8_d_st7565_64128n_init_seq            0x080050da   Data          29  u8x8_d_st7565.o(.constdata)
    u8x8_st7565_64128n_display_info          0x080050f8   Data          24  u8x8_d_st7565.o(.constdata)
    u8x8_d_st7565_zolen_128x64_init_seq      0x08005110   Data          33  u8x8_d_st7565.o(.constdata)
    u8x8_st7565_128x32_display_info          0x08005134   Data          24  u8x8_d_st7565.o(.constdata)
    u8x8_d_st7565_nhd_c12832_init_seq        0x0800514c   Data          33  u8x8_d_st7565.o(.constdata)
    u8x8_st7565_nhd_c12864_display_info      0x08005170   Data          24  u8x8_d_st7565.o(.constdata)
    u8x8_d_st7565_nhd_c12864_init_seq        0x08005188   Data          33  u8x8_d_st7565.o(.constdata)
    u8x8_d_st7565_lm6059_init_seq            0x080051a9   Data          33  u8x8_d_st7565.o(.constdata)
    u8x8_st7565_lm6059_display_info          0x080051cc   Data          24  u8x8_d_st7565.o(.constdata)
    u8x8_d_st7565_ks0713_init_seq            0x080051e4   Data          25  u8x8_d_st7565.o(.constdata)
    u8x8_d_st7565_lx12864_init_seq           0x080051fd   Data          33  u8x8_d_st7565.o(.constdata)
    u8x8_st7565_lx12864_display_info         0x08005220   Data          24  u8x8_d_st7565.o(.constdata)
    u8x8_d_st7565_erc12864_init_seq          0x08005238   Data          33  u8x8_d_st7565.o(.constdata)
    u8x8_st7565_erc12864_display_info        0x0800525c   Data          24  u8x8_d_st7565.o(.constdata)
    u8x8_d_st7565_erc12864_alt_init_seq      0x08005274   Data          33  u8x8_d_st7565.o(.constdata)
    u8x8_d_nt7534_tg12864r_init_seq          0x08005295   Data          29  u8x8_d_st7565.o(.constdata)
    u8x8_st7565_dogm132_display_info         0x080052b4   Data          24  u8x8_d_st7565.o(.constdata)
    u8x8_d_st7565_dogm132_init_seq           0x080052cc   Data          33  u8x8_d_st7565.o(.constdata)
    .data                                    0x20000000   Section       20  system_stm32f10x.o(.data)
    .data                                    0x20000014   Section        4  bsp_systick.o(.data)
    TimingDelay                              0x20000014   Data           4  bsp_systick.o(.data)
    .data                                    0x20000018   Section       20  stm32f10x_rcc.o(.data)
    APBAHBPrescTable                         0x20000018   Data          16  stm32f10x_rcc.o(.data)
    ADCPrescTable                            0x20000028   Data           4  stm32f10x_rcc.o(.data)
    .bss                                     0x2000002c   Section      148  main.o(.bss)
    .bss                                     0x200000c0   Section     1024  u8g2_d_memory.o(.bss)
    buf                                      0x200000c0   Data        1024  u8g2_d_memory.o(.bss)
    STACK                                    0x200004c0   Section     1024  startup_stm32f10x_hd.o(STACK)

    Global Symbols

    Symbol Name                              Value     Ov Type        Size  Object(Section)

    BuildAttributes$$THM_ISAv4$P$D$K$B$S$PE$A:L22UL41UL21$X:L11$S22US41US21$IEEE1$IW$USESV6$~STKCKD$USESV7$~SHL$OSPACE$EBA8$MICROLIB$REQ8$PRES8$EABIv2 0x00000000   Number         0  anon$$obj.o ABSOLUTE
    __ARM_use_no_argv                        0x00000000   Number         0  main.o ABSOLUTE
    __cpp_initialize__aeabi_                  - Undefined Weak Reference
    __cxa_finalize                            - Undefined Weak Reference
    __decompress                              - Undefined Weak Reference
    _clock_init                               - Undefined Weak Reference
    _microlib_exit                            - Undefined Weak Reference
    __Vectors_Size                           0x00000130   Number         0  startup_stm32f10x_hd.o ABSOLUTE
    __Vectors                                0x08000000   Data           4  startup_stm32f10x_hd.o(RESET)
    __Vectors_End                            0x08000130   Data           0  startup_stm32f10x_hd.o(RESET)
    __main                                   0x08000131   Thumb Code     0  entry.o(.ARM.Collect$$$$00000000)
    _main_stk                                0x08000131   Thumb Code     0  entry2.o(.ARM.Collect$$$$00000001)
    _main_scatterload                        0x08000135   Thumb Code     0  entry5.o(.ARM.Collect$$$$00000004)
    __main_after_scatterload                 0x08000139   Thumb Code     0  entry5.o(.ARM.Collect$$$$00000004)
    _main_clock                              0x08000139   Thumb Code     0  entry7b.o(.ARM.Collect$$$$00000008)
    _main_cpp_init                           0x08000139   Thumb Code     0  entry8b.o(.ARM.Collect$$$$0000000A)
    _main_init                               0x08000139   Thumb Code     0  entry9a.o(.ARM.Collect$$$$0000000B)
    __rt_final_cpp                           0x08000141   Thumb Code     0  entry10a.o(.ARM.Collect$$$$0000000D)
    __rt_final_exit                          0x08000141   Thumb Code     0  entry11a.o(.ARM.Collect$$$$0000000F)
    Reset_Handler                            0x08000145   Thumb Code     8  startup_stm32f10x_hd.o(.text)
    ADC1_2_IRQHandler                        0x0800015f   Thumb Code     0  startup_stm32f10x_hd.o(.text)
    ADC3_IRQHandler                          0x0800015f   Thumb Code     0  startup_stm32f10x_hd.o(.text)
    CAN1_RX1_IRQHandler                      0x0800015f   Thumb Code     0  startup_stm32f10x_hd.o(.text)
    CAN1_SCE_IRQHandler                      0x0800015f   Thumb Code     0  startup_stm32f10x_hd.o(.text)
    DMA1_Channel1_IRQHandler                 0x0800015f   Thumb Code     0  startup_stm32f10x_hd.o(.text)
    DMA1_Channel2_IRQHandler                 0x0800015f   Thumb Code     0  startup_stm32f10x_hd.o(.text)
    DMA1_Channel3_IRQHandler                 0x0800015f   Thumb Code     0  startup_stm32f10x_hd.o(.text)
    DMA1_Channel4_IRQHandler                 0x0800015f   Thumb Code     0  startup_stm32f10x_hd.o(.text)
    DMA1_Channel5_IRQHandler                 0x0800015f   Thumb Code     0  startup_stm32f10x_hd.o(.text)
    DMA1_Channel6_IRQHandler                 0x0800015f   Thumb Code     0  startup_stm32f10x_hd.o(.text)
    DMA1_Channel7_IRQHandler                 0x0800015f   Thumb Code     0  startup_stm32f10x_hd.o(.text)
    DMA2_Channel1_IRQHandler                 0x0800015f   Thumb Code     0  startup_stm32f10x_hd.o(.text)
    DMA2_Channel2_IRQHandler                 0x0800015f   Thumb Code     0  startup_stm32f10x_hd.o(.text)
    DMA2_Channel3_IRQHandler                 0x0800015f   Thumb Code     0  startup_stm32f10x_hd.o(.text)
    DMA2_Channel4_5_IRQHandler               0x0800015f   Thumb Code     0  startup_stm32f10x_hd.o(.text)
    EXTI0_IRQHandler                         0x0800015f   Thumb Code     0  startup_stm32f10x_hd.o(.text)
    EXTI15_10_IRQHandler                     0x0800015f   Thumb Code     0  startup_stm32f10x_hd.o(.text)
    EXTI1_IRQHandler                         0x0800015f   Thumb Code     0  startup_stm32f10x_hd.o(.text)
    EXTI2_IRQHandler                         0x0800015f   Thumb Code     0  startup_stm32f10x_hd.o(.text)
    EXTI3_IRQHandler                         0x0800015f   Thumb Code     0  startup_stm32f10x_hd.o(.text)
    EXTI4_IRQHandler                         0x0800015f   Thumb Code     0  startup_stm32f10x_hd.o(.text)
    EXTI9_5_IRQHandler                       0x0800015f   Thumb Code     0  startup_stm32f10x_hd.o(.text)
    FLASH_IRQHandler                         0x0800015f   Thumb Code     0  startup_stm32f10x_hd.o(.text)
    FSMC_IRQHandler                          0x0800015f   Thumb Code     0  startup_stm32f10x_hd.o(.text)
    I2C1_ER_IRQHandler                       0x0800015f   Thumb Code     0  startup_stm32f10x_hd.o(.text)
    I2C1_EV_IRQHandler                       0x0800015f   Thumb Code     0  startup_stm32f10x_hd.o(.text)
    I2C2_ER_IRQHandler                       0x0800015f   Thumb Code     0  startup_stm32f10x_hd.o(.text)
    I2C2_EV_IRQHandler                       0x0800015f   Thumb Code     0  startup_stm32f10x_hd.o(.text)
    PVD_IRQHandler                           0x0800015f   Thumb Code     0  startup_stm32f10x_hd.o(.text)
    RCC_IRQHandler                           0x0800015f   Thumb Code     0  startup_stm32f10x_hd.o(.text)
    RTCAlarm_IRQHandler                      0x0800015f   Thumb Code     0  startup_stm32f10x_hd.o(.text)
    RTC_IRQHandler                           0x0800015f   Thumb Code     0  startup_stm32f10x_hd.o(.text)
    SDIO_IRQHandler                          0x0800015f   Thumb Code     0  startup_stm32f10x_hd.o(.text)
    SPI1_IRQHandler                          0x0800015f   Thumb Code     0  startup_stm32f10x_hd.o(.text)
    SPI2_IRQHandler                          0x0800015f   Thumb Code     0  startup_stm32f10x_hd.o(.text)
    SPI3_IRQHandler                          0x0800015f   Thumb Code     0  startup_stm32f10x_hd.o(.text)
    TAMPER_IRQHandler                        0x0800015f   Thumb Code     0  startup_stm32f10x_hd.o(.text)
    TIM1_BRK_IRQHandler                      0x0800015f   Thumb Code     0  startup_stm32f10x_hd.o(.text)
    TIM1_CC_IRQHandler                       0x0800015f   Thumb Code     0  startup_stm32f10x_hd.o(.text)
    TIM1_TRG_COM_IRQHandler                  0x0800015f   Thumb Code     0  startup_stm32f10x_hd.o(.text)
    TIM1_UP_IRQHandler                       0x0800015f   Thumb Code     0  startup_stm32f10x_hd.o(.text)
    TIM2_IRQHandler                          0x0800015f   Thumb Code     0  startup_stm32f10x_hd.o(.text)
    TIM3_IRQHandler                          0x0800015f   Thumb Code     0  startup_stm32f10x_hd.o(.text)
    TIM4_IRQHandler                          0x0800015f   Thumb Code     0  startup_stm32f10x_hd.o(.text)
    TIM5_IRQHandler                          0x0800015f   Thumb Code     0  startup_stm32f10x_hd.o(.text)
    TIM6_IRQHandler                          0x0800015f   Thumb Code     0  startup_stm32f10x_hd.o(.text)
    TIM7_IRQHandler                          0x0800015f   Thumb Code     0  startup_stm32f10x_hd.o(.text)
    TIM8_BRK_IRQHandler                      0x0800015f   Thumb Code     0  startup_stm32f10x_hd.o(.text)
    TIM8_CC_IRQHandler                       0x0800015f   Thumb Code     0  startup_stm32f10x_hd.o(.text)
    TIM8_TRG_COM_IRQHandler                  0x0800015f   Thumb Code     0  startup_stm32f10x_hd.o(.text)
    TIM8_UP_IRQHandler                       0x0800015f   Thumb Code     0  startup_stm32f10x_hd.o(.text)
    UART4_IRQHandler                         0x0800015f   Thumb Code     0  startup_stm32f10x_hd.o(.text)
    UART5_IRQHandler                         0x0800015f   Thumb Code     0  startup_stm32f10x_hd.o(.text)
    USART2_IRQHandler                        0x0800015f   Thumb Code     0  startup_stm32f10x_hd.o(.text)
    USART3_IRQHandler                        0x0800015f   Thumb Code     0  startup_stm32f10x_hd.o(.text)
    USBWakeUp_IRQHandler                     0x0800015f   Thumb Code     0  startup_stm32f10x_hd.o(.text)
    USB_HP_CAN1_TX_IRQHandler                0x0800015f   Thumb Code     0  startup_stm32f10x_hd.o(.text)
    USB_LP_CAN1_RX0_IRQHandler               0x0800015f   Thumb Code     0  startup_stm32f10x_hd.o(.text)
    WWDG_IRQHandler                          0x0800015f   Thumb Code     0  startup_stm32f10x_hd.o(.text)
    __aeabi_memset                           0x08000169   Thumb Code    14  memseta.o(.text)
    __aeabi_memset4                          0x08000169   Thumb Code     0  memseta.o(.text)
    __aeabi_memset8                          0x08000169   Thumb Code     0  memseta.o(.text)
    __aeabi_memclr                           0x08000177   Thumb Code     4  memseta.o(.text)
    __aeabi_memclr4                          0x08000177   Thumb Code     0  memseta.o(.text)
    __aeabi_memclr8                          0x08000177   Thumb Code     0  memseta.o(.text)
    _memset$wrapper                          0x0800017b   Thumb Code    18  memseta.o(.text)
    __scatterload                            0x0800018d   Thumb Code    28  init.o(.text)
    __scatterload_rt2                        0x0800018d   Thumb Code     0  init.o(.text)
    BusFault_Handler                         0x080001b1   Thumb Code     4  stm32f10x_it.o(i.BusFault_Handler)
    DebugMon_Handler                         0x080001b5   Thumb Code     2  stm32f10x_it.o(i.DebugMon_Handler)
    GPIO_Init                                0x080001b7   Thumb Code   278  stm32f10x_gpio.o(i.GPIO_Init)
    GPIO_ResetBits                           0x080002cd   Thumb Code     4  stm32f10x_gpio.o(i.GPIO_ResetBits)
    GPIO_SetBits                             0x080002d1   Thumb Code     4  stm32f10x_gpio.o(i.GPIO_SetBits)
    HardFault_Handler                        0x080002d5   Thumb Code     4  stm32f10x_it.o(i.HardFault_Handler)
    LCD12864_GPIO_Config                     0x080002d9   Thumb Code   108  bsp_u8g2.o(i.LCD12864_GPIO_Config)
    LED_GPIO_Config                          0x08000355   Thumb Code    90  bsp_led.o(i.LED_GPIO_Config)
    MemManage_Handler                        0x080003b5   Thumb Code     4  stm32f10x_it.o(i.MemManage_Handler)
    NMI_Handler                              0x080003b9   Thumb Code     2  stm32f10x_it.o(i.NMI_Handler)
    NVIC_Init                                0x080003e1   Thumb Code   100  misc.o(i.NVIC_Init)
    NVIC_PriorityGroupConfig                 0x08000451   Thumb Code    10  misc.o(i.NVIC_PriorityGroupConfig)
    PendSV_Handler                           0x08000465   Thumb Code     2  stm32f10x_it.o(i.PendSV_Handler)
    RCC_APB2PeriphClockCmd                   0x08000469   Thumb Code    26  stm32f10x_rcc.o(i.RCC_APB2PeriphClockCmd)
    RCC_GetClocksFreq                        0x08000489   Thumb Code   192  stm32f10x_rcc.o(i.RCC_GetClocksFreq)
    SVC_Handler                              0x0800055d   Thumb Code     2  stm32f10x_it.o(i.SVC_Handler)
    SysTick_Delay_Ms                         0x0800069d   Thumb Code    66  bsp_systick.o(i.SysTick_Delay_Ms)
    SysTick_Delay_Us                         0x080006e5   Thumb Code    64  bsp_systick.o(i.SysTick_Delay_Us)
    SysTick_Handler                          0x0800072d   Thumb Code     8  stm32f10x_it.o(i.SysTick_Handler)
    SystemInit                               0x08000735   Thumb Code    78  system_stm32f10x.o(i.SystemInit)
    TimingDelay_Decrement                    0x08000795   Thumb Code    18  bsp_systick.o(i.TimingDelay_Decrement)
    USART1_IRQHandler                        0x080007ad   Thumb Code    32  bsp_usart.o(i.USART1_IRQHandler)
    USART_Cmd                                0x080007d1   Thumb Code    24  stm32f10x_usart.o(i.USART_Cmd)
    USART_Config                             0x080007e9   Thumb Code   136  bsp_usart.o(i.USART_Config)
    USART_GetITStatus                        0x08000879   Thumb Code    84  stm32f10x_usart.o(i.USART_GetITStatus)
    USART_ITConfig                           0x080008cd   Thumb Code    74  stm32f10x_usart.o(i.USART_ITConfig)
    USART_Init                               0x08000919   Thumb Code   210  stm32f10x_usart.o(i.USART_Init)
    USART_ReceiveData                        0x080009f1   Thumb Code    10  stm32f10x_usart.o(i.USART_ReceiveData)
    USART_SendData                           0x080009fb   Thumb Code     8  stm32f10x_usart.o(i.USART_SendData)
    UsageFault_Handler                       0x08000a03   Thumb Code     4  stm32f10x_it.o(i.UsageFault_Handler)
    __scatterload_copy                       0x08000a07   Thumb Code    14  handlers.o(i.__scatterload_copy)
    __scatterload_null                       0x08000a15   Thumb Code     2  handlers.o(i.__scatterload_null)
    __scatterload_zeroinit                   0x08000a17   Thumb Code    14  handlers.o(i.__scatterload_zeroinit)
    gpio_and_delay_cb                        0x08000a25   Thumb Code   410  bsp_u8g2.o(i.gpio_and_delay_cb)
    main                                     0x08000bd1   Thumb Code    30  main.o(i.main)
    u8g2_ClearBuffer                         0x08000bf5   Thumb Code    26  u8g2_buffer.o(i.u8g2_ClearBuffer)
    u8g2_DrawGlyph                           0x08000c0f   Thumb Code    98  u8g2_font.o(i.u8g2_DrawGlyph)
    u8g2_DrawHVLine                          0x08000c71   Thumb Code   220  u8g2_hvline.o(i.u8g2_DrawHVLine)
    u8g2_DrawStr                             0x08000d4d   Thumb Code    32  u8g2_font.o(i.u8g2_DrawStr)
    u8g2_FirstPage                           0x08000d71   Thumb Code    26  u8g2_buffer.o(i.u8g2_FirstPage)
    u8g2_IsIntersection                      0x08000d8b   Thumb Code    58  u8g2_intersection.o(i.u8g2_IsIntersection)
    u8g2_NextPage                            0x08000dc5   Thumb Code    64  u8g2_buffer.o(i.u8g2_NextPage)
    u8g2_SetBufferCurrTileRow                0x08000e05   Thumb Code    28  u8g2_buffer.o(i.u8g2_SetBufferCurrTileRow)
    u8g2_SetFont                             0x08000e21   Thumb Code    32  u8g2_font.o(i.u8g2_SetFont)
    u8g2_SetFontPosBaseline                  0x08000e41   Thumb Code     6  u8g2_font.o(i.u8g2_SetFontPosBaseline)
    u8g2_SetMaxClipWindow                    0x08000e4d   Thumb Code    32  u8g2_setup.o(i.u8g2_SetMaxClipWindow)
    u8g2_SetupBuffer                         0x08000e6d   Thumb Code    90  u8g2_setup.o(i.u8g2_SetupBuffer)
    u8g2_Setup_st7565_jlx12864_f             0x08000ec9   Thumb Code    54  u8g2_d_setup.o(i.u8g2_Setup_st7565_jlx12864_f)
    u8g2_UpdateRefHeight                     0x08000f0d   Thumb Code   136  u8g2_font.o(i.u8g2_UpdateRefHeight)
    u8g2_add_vector_x                        0x08000f95   Thumb Code    42  u8g2_font.o(i.u8g2_add_vector_x)
    u8g2_add_vector_y                        0x08000fbf   Thumb Code    42  u8g2_font.o(i.u8g2_add_vector_y)
    u8g2_draw_hv_line_2dir                   0x080010af   Thumb Code    44  u8g2_hvline.o(i.u8g2_draw_hv_line_2dir)
    u8g2_draw_l90_mirrorr_r0                 0x080010db   Thumb Code    60  u8g2_setup.o(i.u8g2_draw_l90_mirrorr_r0)
    u8g2_draw_l90_r0                         0x08001117   Thumb Code    36  u8g2_setup.o(i.u8g2_draw_l90_r0)
    u8g2_draw_l90_r1                         0x0800113b   Thumb Code    68  u8g2_setup.o(i.u8g2_draw_l90_r1)
    u8g2_draw_l90_r2                         0x0800117f   Thumb Code    86  u8g2_setup.o(i.u8g2_draw_l90_r2)
    u8g2_draw_l90_r3                         0x080011d5   Thumb Code    80  u8g2_setup.o(i.u8g2_draw_l90_r3)
    u8g2_draw_mirror_vertical_r0             0x08001225   Thumb Code    60  u8g2_setup.o(i.u8g2_draw_mirror_vertical_r0)
    u8g2_font_calc_vref_font                 0x080012f1   Thumb Code     6  u8g2_font.o(i.u8g2_font_calc_vref_font)
    u8g2_font_decode_get_signed_bits         0x080012f7   Thumb Code    36  u8g2_font.o(i.u8g2_font_decode_get_signed_bits)
    u8g2_font_decode_get_unsigned_bits       0x0800131b   Thumb Code    66  u8g2_font.o(i.u8g2_font_decode_get_unsigned_bits)
    u8g2_font_decode_glyph                   0x0800135d   Thumb Code   386  u8g2_font.o(i.u8g2_font_decode_glyph)
    u8g2_font_decode_len                     0x080014df   Thumb Code   176  u8g2_font.o(i.u8g2_font_decode_len)
    u8g2_font_get_glyph_data                 0x080015d1   Thumb Code   146  u8g2_font.o(i.u8g2_font_get_glyph_data)
    u8g2_init                                0x080016bd   Thumb Code    84  bsp_u8g2.o(i.u8g2_init)
    u8g2_is_intersection_decision_tree       0x08001729   Thumb Code    48  u8g2_intersection.o(i.u8g2_is_intersection_decision_tree)
    u8g2_ll_hvline_vertical_top_lsb          0x08001759   Thumb Code   238  u8g2_ll_hvline.o(i.u8g2_ll_hvline_vertical_top_lsb)
    u8g2_m_16_8_f                            0x08001849   Thumb Code    10  u8g2_d_memory.o(i.u8g2_m_16_8_f)
    u8g2_read_font_info                      0x08001859   Thumb Code   224  u8g2_font.o(i.u8g2_read_font_info)
    u8g2_update_dimension_r0                 0x08001a05   Thumb Code    12  u8g2_setup.o(i.u8g2_update_dimension_r0)
    u8g2_update_dimension_r1                 0x08001a11   Thumb Code    28  u8g2_setup.o(i.u8g2_update_dimension_r1)
    u8g2_update_dimension_r2                 0x08001a2d   Thumb Code    12  u8g2_setup.o(i.u8g2_update_dimension_r2)
    u8g2_update_dimension_r3                 0x08001a39   Thumb Code    28  u8g2_setup.o(i.u8g2_update_dimension_r3)
    u8g2_update_page_win_r0                  0x08001a55   Thumb Code    32  u8g2_setup.o(i.u8g2_update_page_win_r0)
    u8g2_update_page_win_r1                  0x08001a75   Thumb Code    32  u8g2_setup.o(i.u8g2_update_page_win_r1)
    u8g2_update_page_win_r2                  0x08001a95   Thumb Code    60  u8g2_setup.o(i.u8g2_update_page_win_r2)
    u8g2_update_page_win_r3                  0x08001ad1   Thumb Code    60  u8g2_setup.o(i.u8g2_update_page_win_r3)
    u8x8_DrawTile                            0x08001b0d   Thumb Code    50  u8x8_display.o(i.u8x8_DrawTile)
    u8x8_InitDisplay                         0x08001b3f   Thumb Code    18  u8x8_display.o(i.u8x8_InitDisplay)
    u8x8_RefreshDisplay                      0x08001b51   Thumb Code    18  u8x8_display.o(i.u8x8_RefreshDisplay)
    u8x8_SetContrast                         0x08001b63   Thumb Code    20  u8x8_display.o(i.u8x8_SetContrast)
    u8x8_SetPowerSave                        0x08001b77   Thumb Code    20  u8x8_display.o(i.u8x8_SetPowerSave)
    u8x8_Setup                               0x08001b8b   Thumb Code    42  u8x8_setup.o(i.u8x8_Setup)
    u8x8_SetupDefaults                       0x08001bb5   Thumb Code    38  u8x8_setup.o(i.u8x8_SetupDefaults)
    u8x8_SetupMemory                         0x08001be1   Thumb Code    18  u8x8_display.o(i.u8x8_SetupMemory)
    u8x8_ascii_next                          0x08001bf3   Thumb Code    18  u8x8_8x8.o(i.u8x8_ascii_next)
    u8x8_byte_8bit_6800mode                  0x08001c05   Thumb Code   248  u8x8_byte.o(i.u8x8_byte_8bit_6800mode)
    u8x8_byte_SendByte                       0x08001cfd   Thumb Code    16  u8x8_byte.o(i.u8x8_byte_SendByte)
    u8x8_byte_SendBytes                      0x08001d0d   Thumb Code    26  u8x8_byte.o(i.u8x8_byte_SendBytes)
    u8x8_byte_SetDC                          0x08001d27   Thumb Code    20  u8x8_byte.o(i.u8x8_byte_SetDC)
    u8x8_cad_001                             0x08001d3b   Thumb Code   108  u8x8_cad.o(i.u8x8_cad_001)
    u8x8_cad_EndTransfer                     0x08001da7   Thumb Code    18  u8x8_cad.o(i.u8x8_cad_EndTransfer)
    u8x8_cad_SendArg                         0x08001db9   Thumb Code    20  u8x8_cad.o(i.u8x8_cad_SendArg)
    u8x8_cad_SendCmd                         0x08001dcd   Thumb Code    20  u8x8_cad.o(i.u8x8_cad_SendCmd)
    u8x8_cad_SendData                        0x08001de1   Thumb Code    26  u8x8_cad.o(i.u8x8_cad_SendData)
    u8x8_cad_SendSequence                    0x08001dfb   Thumb Code   124  u8x8_cad.o(i.u8x8_cad_SendSequence)
    u8x8_cad_StartTransfer                   0x08001e77   Thumb Code    18  u8x8_cad.o(i.u8x8_cad_StartTransfer)
    u8x8_d_helper_display_init               0x08001e89   Thumb Code    96  u8x8_display.o(i.u8x8_d_helper_display_init)
    u8x8_d_helper_display_setup_memory       0x08001ee9   Thumb Code    12  u8x8_display.o(i.u8x8_d_helper_display_setup_memory)
    u8x8_d_st7565_common                     0x08001ef5   Thumb Code   198  u8x8_d_st7565.o(i.u8x8_d_st7565_common)
    u8x8_d_st7565_jlx12864                   0x08001fc5   Thumb Code    28  u8x8_d_st7565.o(i.u8x8_d_st7565_jlx12864)
    u8x8_d_st7565_nhd_c12864                 0x08001fe1   Thumb Code   116  u8x8_d_st7565.o(i.u8x8_d_st7565_nhd_c12864)
    u8x8_dummy_cb                            0x08002065   Thumb Code     8  u8x8_setup.o(i.u8x8_dummy_cb)
    u8x8_gpio_call                           0x0800206d   Thumb Code    26  u8x8_gpio.o(i.u8x8_gpio_call)
    u8x8_utf8_init                           0x08002087   Thumb Code     8  u8x8_8x8.o(i.u8x8_utf8_init)
    u8g2_font_ASCII_fonts                    0x0800208e   Data        2022  u8g2_fonts.o(.constdata)
    u8g2_font_menu_fonts                     0x08002874   Data       10133  u8g2_fonts.o(.constdata)
    u8g2_cb_r0                               0x0800500c   Data          12  u8g2_setup.o(.constdata)
    u8g2_cb_r1                               0x08005018   Data          12  u8g2_setup.o(.constdata)
    u8g2_cb_r2                               0x08005024   Data          12  u8g2_setup.o(.constdata)
    u8g2_cb_r3                               0x08005030   Data          12  u8g2_setup.o(.constdata)
    u8g2_cb_mirror                           0x0800503c   Data          12  u8g2_setup.o(.constdata)
    u8g2_cb_mirror_vertical                  0x08005048   Data          12  u8g2_setup.o(.constdata)
    Region$$Table$$Base                      0x080052f0   Number         0  anon$$obj.o(Region$$Table)
    Region$$Table$$Limit                     0x08005310   Number         0  anon$$obj.o(Region$$Table)
    SystemCoreClock                          0x20000000   Data           4  system_stm32f10x.o(.data)
    AHBPrescTable                            0x20000004   Data          16  system_stm32f10x.o(.data)
    u8g2                                     0x2000002c   Data         148  main.o(.bss)
    __initial_sp                             0x200008c0   Data           0  startup_stm32f10x_hd.o(STACK)



==============================================================================

Memory Map of the image

  Image Entry point : 0x08000131

  Load Region LR_IROM1 (Base: 0x08000000, Size: 0x0000533c, Max: 0x00080000, ABSOLUTE)

    Execution Region ER_IROM1 (Exec base: 0x08000000, Load base: 0x08000000, Size: 0x00005310, Max: 0x00080000, ABSOLUTE)

    Exec Addr    Load Addr    Size         Type   Attr      Idx    E Section Name        Object

    0x08000000   0x08000000   0x00000130   Data   RO            3    RESET               startup_stm32f10x_hd.o
    0x08000130   0x08000130   0x00000000   Code   RO         6131  * .ARM.Collect$$$$00000000  mc_w.l(entry.o)
    0x08000130   0x08000130   0x00000004   Code   RO         6136    .ARM.Collect$$$$00000001  mc_w.l(entry2.o)
    0x08000134   0x08000134   0x00000004   Code   RO         6139    .ARM.Collect$$$$00000004  mc_w.l(entry5.o)
    0x08000138   0x08000138   0x00000000   Code   RO         6141    .ARM.Collect$$$$00000008  mc_w.l(entry7b.o)
    0x08000138   0x08000138   0x00000000   Code   RO         6143    .ARM.Collect$$$$0000000A  mc_w.l(entry8b.o)
    0x08000138   0x08000138   0x00000008   Code   RO         6144    .ARM.Collect$$$$0000000B  mc_w.l(entry9a.o)
    0x08000140   0x08000140   0x00000000   Code   RO         6146    .ARM.Collect$$$$0000000D  mc_w.l(entry10a.o)
    0x08000140   0x08000140   0x00000000   Code   RO         6148    .ARM.Collect$$$$0000000F  mc_w.l(entry11a.o)
    0x08000140   0x08000140   0x00000004   Code   RO         6137    .ARM.Collect$$$$00002712  mc_w.l(entry2.o)
    0x08000144   0x08000144   0x00000024   Code   RO            4    .text               startup_stm32f10x_hd.o
    0x08000168   0x08000168   0x00000024   Code   RO         6134    .text               mc_w.l(memseta.o)
    0x0800018c   0x0800018c   0x00000024   Code   RO         6150    .text               mc_w.l(init.o)
    0x080001b0   0x080001b0   0x00000004   Code   RO          198    i.BusFault_Handler  stm32f10x_it.o
    0x080001b4   0x080001b4   0x00000002   Code   RO          199    i.DebugMon_Handler  stm32f10x_it.o
    0x080001b6   0x080001b6   0x00000116   Code   RO         1576    i.GPIO_Init         stm32f10x_gpio.o
    0x080002cc   0x080002cc   0x00000004   Code   RO         1583    i.GPIO_ResetBits    stm32f10x_gpio.o
    0x080002d0   0x080002d0   0x00000004   Code   RO         1584    i.GPIO_SetBits      stm32f10x_gpio.o
    0x080002d4   0x080002d4   0x00000004   Code   RO          200    i.HardFault_Handler  stm32f10x_it.o
    0x080002d8   0x080002d8   0x0000007c   Code   RO          392    i.LCD12864_GPIO_Config  bsp_u8g2.o
    0x08000354   0x08000354   0x00000060   Code   RO          265    i.LED_GPIO_Config   bsp_led.o
    0x080003b4   0x080003b4   0x00000004   Code   RO          201    i.MemManage_Handler  stm32f10x_it.o
    0x080003b8   0x080003b8   0x00000002   Code   RO          202    i.NMI_Handler       stm32f10x_it.o
    0x080003ba   0x080003ba   0x00000026   Code   RO          280    i.NVIC_Configuration  bsp_usart.o
    0x080003e0   0x080003e0   0x00000070   Code   RO          425    i.NVIC_Init         misc.o
    0x08000450   0x08000450   0x00000014   Code   RO          426    i.NVIC_PriorityGroupConfig  misc.o
    0x08000464   0x08000464   0x00000002   Code   RO          203    i.PendSV_Handler    stm32f10x_it.o
    0x08000466   0x08000466   0x00000002   PAD
    0x08000468   0x08000468   0x00000020   Code   RO         1994    i.RCC_APB2PeriphClockCmd  stm32f10x_rcc.o
    0x08000488   0x08000488   0x000000d4   Code   RO         2002    i.RCC_GetClocksFreq  stm32f10x_rcc.o
    0x0800055c   0x0800055c   0x00000002   Code   RO          204    i.SVC_Handler       stm32f10x_it.o
    0x0800055e   0x0800055e   0x00000008   Code   RO           24    i.SetSysClock       system_stm32f10x.o
    0x08000566   0x08000566   0x00000002   PAD
    0x08000568   0x08000568   0x000000e0   Code   RO           25    i.SetSysClockTo72   system_stm32f10x.o
    0x08000648   0x08000648   0x00000054   Code   RO          343    i.SysTick_Config    bsp_systick.o
    0x0800069c   0x0800069c   0x00000048   Code   RO          344    i.SysTick_Delay_Ms  bsp_systick.o
    0x080006e4   0x080006e4   0x00000048   Code   RO          345    i.SysTick_Delay_Us  bsp_systick.o
    0x0800072c   0x0800072c   0x00000008   Code   RO          205    i.SysTick_Handler   stm32f10x_it.o
    0x08000734   0x08000734   0x00000060   Code   RO           27    i.SystemInit        system_stm32f10x.o
    0x08000794   0x08000794   0x00000018   Code   RO          347    i.TimingDelay_Decrement  bsp_systick.o
    0x080007ac   0x080007ac   0x00000024   Code   RO          281    i.USART1_IRQHandler  bsp_usart.o
    0x080007d0   0x080007d0   0x00000018   Code   RO         3162    i.USART_Cmd         stm32f10x_usart.o
    0x080007e8   0x080007e8   0x00000090   Code   RO          282    i.USART_Config      bsp_usart.o
    0x08000878   0x08000878   0x00000054   Code   RO         3166    i.USART_GetITStatus  stm32f10x_usart.o
    0x080008cc   0x080008cc   0x0000004a   Code   RO         3168    i.USART_ITConfig    stm32f10x_usart.o
    0x08000916   0x08000916   0x00000002   PAD
    0x08000918   0x08000918   0x000000d8   Code   RO         3169    i.USART_Init        stm32f10x_usart.o
    0x080009f0   0x080009f0   0x0000000a   Code   RO         3176    i.USART_ReceiveData  stm32f10x_usart.o
    0x080009fa   0x080009fa   0x00000008   Code   RO         3179    i.USART_SendData    stm32f10x_usart.o
    0x08000a02   0x08000a02   0x00000004   Code   RO          206    i.UsageFault_Handler  stm32f10x_it.o
    0x08000a06   0x08000a06   0x0000000e   Code   RO         6154    i.__scatterload_copy  mc_w.l(handlers.o)
    0x08000a14   0x08000a14   0x00000002   Code   RO         6155    i.__scatterload_null  mc_w.l(handlers.o)
    0x08000a16   0x08000a16   0x0000000e   Code   RO         6156    i.__scatterload_zeroinit  mc_w.l(handlers.o)
    0x08000a24   0x08000a24   0x000001ac   Code   RO          393    i.gpio_and_delay_cb  bsp_u8g2.o
    0x08000bd0   0x08000bd0   0x00000024   Code   RO          137    i.main              main.o
    0x08000bf4   0x08000bf4   0x0000001a   Code   RO         4137    i.u8g2_ClearBuffer  u8g2_buffer.o
    0x08000c0e   0x08000c0e   0x00000062   Code   RO         4346    i.u8g2_DrawGlyph    u8g2_font.o
    0x08000c70   0x08000c70   0x000000dc   Code   RO         4684    i.u8g2_DrawHVLine   u8g2_hvline.o
    0x08000d4c   0x08000d4c   0x00000024   Code   RO         4348    i.u8g2_DrawStr      u8g2_font.o
    0x08000d70   0x08000d70   0x0000001a   Code   RO         4138    i.u8g2_FirstPage    u8g2_buffer.o
    0x08000d8a   0x08000d8a   0x0000003a   Code   RO         4745    i.u8g2_IsIntersection  u8g2_intersection.o
    0x08000dc4   0x08000dc4   0x00000040   Code   RO         4139    i.u8g2_NextPage     u8g2_buffer.o
    0x08000e04   0x08000e04   0x0000001c   Code   RO         4141    i.u8g2_SetBufferCurrTileRow  u8g2_buffer.o
    0x08000e20   0x08000e20   0x00000020   Code   RO         4365    i.u8g2_SetFont      u8g2_font.o
    0x08000e40   0x08000e40   0x0000000c   Code   RO         4368    i.u8g2_SetFontPosBaseline  u8g2_font.o
    0x08000e4c   0x08000e4c   0x00000020   Code   RO         4960    i.u8g2_SetMaxClipWindow  u8g2_setup.o
    0x08000e6c   0x08000e6c   0x0000005a   Code   RO         4961    i.u8g2_SetupBuffer  u8g2_setup.o
    0x08000ec6   0x08000ec6   0x00000002   PAD
    0x08000ec8   0x08000ec8   0x00000044   Code   RO         4332    i.u8g2_Setup_st7565_jlx12864_f  u8g2_d_setup.o
    0x08000f0c   0x08000f0c   0x00000088   Code   RO         4375    i.u8g2_UpdateRefHeight  u8g2_font.o
    0x08000f94   0x08000f94   0x0000002a   Code   RO         4376    i.u8g2_add_vector_x  u8g2_font.o
    0x08000fbe   0x08000fbe   0x0000002a   Code   RO         4377    i.u8g2_add_vector_y  u8g2_font.o
    0x08000fe8   0x08000fe8   0x0000007a   Code   RO         4963    i.u8g2_apply_clip_window  u8g2_setup.o
    0x08001062   0x08001062   0x0000004c   Code   RO         4688    i.u8g2_clip_intersection2  u8g2_hvline.o
    0x080010ae   0x080010ae   0x0000002c   Code   RO         4689    i.u8g2_draw_hv_line_2dir  u8g2_hvline.o
    0x080010da   0x080010da   0x0000003c   Code   RO         4964    i.u8g2_draw_l90_mirrorr_r0  u8g2_setup.o
    0x08001116   0x08001116   0x00000024   Code   RO         4965    i.u8g2_draw_l90_r0  u8g2_setup.o
    0x0800113a   0x0800113a   0x00000044   Code   RO         4966    i.u8g2_draw_l90_r1  u8g2_setup.o
    0x0800117e   0x0800117e   0x00000056   Code   RO         4967    i.u8g2_draw_l90_r2  u8g2_setup.o
    0x080011d4   0x080011d4   0x00000050   Code   RO         4968    i.u8g2_draw_l90_r3  u8g2_setup.o
    0x08001224   0x08001224   0x0000003c   Code   RO         4969    i.u8g2_draw_mirror_vertical_r0  u8g2_setup.o
    0x08001260   0x08001260   0x00000090   Code   RO         4378    i.u8g2_draw_string  u8g2_font.o
    0x080012f0   0x080012f0   0x00000006   Code   RO         4385    i.u8g2_font_calc_vref_font  u8g2_font.o
    0x080012f6   0x080012f6   0x00000024   Code   RO         4387    i.u8g2_font_decode_get_signed_bits  u8g2_font.o
    0x0800131a   0x0800131a   0x00000042   Code   RO         4388    i.u8g2_font_decode_get_unsigned_bits  u8g2_font.o
    0x0800135c   0x0800135c   0x00000182   Code   RO         4389    i.u8g2_font_decode_glyph  u8g2_font.o
    0x080014de   0x080014de   0x000000b0   Code   RO         4390    i.u8g2_font_decode_len  u8g2_font.o
    0x0800158e   0x0800158e   0x0000003a   Code   RO         4391    i.u8g2_font_draw_glyph  u8g2_font.o
    0x080015c8   0x080015c8   0x00000008   Code   RO         4392    i.u8g2_font_get_byte  u8g2_font.o
    0x080015d0   0x080015d0   0x00000092   Code   RO         4393    i.u8g2_font_get_glyph_data  u8g2_font.o
    0x08001662   0x08001662   0x00000018   Code   RO         4394    i.u8g2_font_get_word  u8g2_font.o
    0x0800167a   0x0800167a   0x00000040   Code   RO         4395    i.u8g2_font_setup_decode  u8g2_font.o
    0x080016ba   0x080016ba   0x00000002   PAD
    0x080016bc   0x080016bc   0x0000006c   Code   RO          394    i.u8g2_init         bsp_u8g2.o
    0x08001728   0x08001728   0x00000030   Code   RO         4746    i.u8g2_is_intersection_decision_tree  u8g2_intersection.o
    0x08001758   0x08001758   0x000000ee   Code   RO         4794    i.u8g2_ll_hvline_vertical_top_lsb  u8g2_ll_hvline.o
    0x08001846   0x08001846   0x00000002   PAD
    0x08001848   0x08001848   0x00000010   Code   RO         4319    i.u8g2_m_16_8_f     u8g2_d_memory.o
    0x08001858   0x08001858   0x000000e0   Code   RO         4397    i.u8g2_read_font_info  u8g2_font.o
    0x08001938   0x08001938   0x00000036   Code   RO         4148    i.u8g2_send_buffer  u8g2_buffer.o
    0x0800196e   0x0800196e   0x00000036   Code   RO         4149    i.u8g2_send_tile_row  u8g2_buffer.o
    0x080019a4   0x080019a4   0x00000060   Code   RO         4970    i.u8g2_update_dimension_common  u8g2_setup.o
    0x08001a04   0x08001a04   0x0000000c   Code   RO         4971    i.u8g2_update_dimension_r0  u8g2_setup.o
    0x08001a10   0x08001a10   0x0000001c   Code   RO         4972    i.u8g2_update_dimension_r1  u8g2_setup.o
    0x08001a2c   0x08001a2c   0x0000000c   Code   RO         4973    i.u8g2_update_dimension_r2  u8g2_setup.o
    0x08001a38   0x08001a38   0x0000001c   Code   RO         4974    i.u8g2_update_dimension_r3  u8g2_setup.o
    0x08001a54   0x08001a54   0x00000020   Code   RO         4975    i.u8g2_update_page_win_r0  u8g2_setup.o
    0x08001a74   0x08001a74   0x00000020   Code   RO         4976    i.u8g2_update_page_win_r1  u8g2_setup.o
    0x08001a94   0x08001a94   0x0000003c   Code   RO         4977    i.u8g2_update_page_win_r2  u8g2_setup.o
    0x08001ad0   0x08001ad0   0x0000003c   Code   RO         4978    i.u8g2_update_page_win_r3  u8g2_setup.o
    0x08001b0c   0x08001b0c   0x00000032   Code   RO         5839    i.u8x8_DrawTile     u8x8_display.o
    0x08001b3e   0x08001b3e   0x00000012   Code   RO         5841    i.u8x8_InitDisplay  u8x8_display.o
    0x08001b50   0x08001b50   0x00000012   Code   RO         5843    i.u8x8_RefreshDisplay  u8x8_display.o
    0x08001b62   0x08001b62   0x00000014   Code   RO         5844    i.u8x8_SetContrast  u8x8_display.o
    0x08001b76   0x08001b76   0x00000014   Code   RO         5846    i.u8x8_SetPowerSave  u8x8_display.o
    0x08001b8a   0x08001b8a   0x0000002a   Code   RO         6017    i.u8x8_Setup        u8x8_setup.o
    0x08001bb4   0x08001bb4   0x0000002c   Code   RO         6018    i.u8x8_SetupDefaults  u8x8_setup.o
    0x08001be0   0x08001be0   0x00000012   Code   RO         5847    i.u8x8_SetupMemory  u8x8_display.o
    0x08001bf2   0x08001bf2   0x00000012   Code   RO         5262    i.u8x8_ascii_next   u8x8_8x8.o
    0x08001c04   0x08001c04   0x000000f8   Code   RO         5396    i.u8x8_byte_8bit_6800mode  u8x8_byte.o
    0x08001cfc   0x08001cfc   0x00000010   Code   RO         5399    i.u8x8_byte_SendByte  u8x8_byte.o
    0x08001d0c   0x08001d0c   0x0000001a   Code   RO         5400    i.u8x8_byte_SendBytes  u8x8_byte.o
    0x08001d26   0x08001d26   0x00000014   Code   RO         5401    i.u8x8_byte_SetDC   u8x8_byte.o
    0x08001d3a   0x08001d3a   0x0000006c   Code   RO         5530    i.u8x8_cad_001      u8x8_cad.o
    0x08001da6   0x08001da6   0x00000012   Code   RO         5534    i.u8x8_cad_EndTransfer  u8x8_cad.o
    0x08001db8   0x08001db8   0x00000014   Code   RO         5535    i.u8x8_cad_SendArg  u8x8_cad.o
    0x08001dcc   0x08001dcc   0x00000014   Code   RO         5536    i.u8x8_cad_SendCmd  u8x8_cad.o
    0x08001de0   0x08001de0   0x0000001a   Code   RO         5537    i.u8x8_cad_SendData  u8x8_cad.o
    0x08001dfa   0x08001dfa   0x0000007c   Code   RO         5539    i.u8x8_cad_SendSequence  u8x8_cad.o
    0x08001e76   0x08001e76   0x00000012   Code   RO         5540    i.u8x8_cad_StartTransfer  u8x8_cad.o
    0x08001e88   0x08001e88   0x00000060   Code   RO         5848    i.u8x8_d_helper_display_init  u8x8_display.o
    0x08001ee8   0x08001ee8   0x0000000c   Code   RO         5849    i.u8x8_d_helper_display_setup_memory  u8x8_display.o
    0x08001ef4   0x08001ef4   0x000000d0   Code   RO         5718    i.u8x8_d_st7565_common  u8x8_d_st7565.o
    0x08001fc4   0x08001fc4   0x0000001c   Code   RO         5723    i.u8x8_d_st7565_jlx12864  u8x8_d_st7565.o
    0x08001fe0   0x08001fe0   0x00000084   Code   RO         5729    i.u8x8_d_st7565_nhd_c12864  u8x8_d_st7565.o
    0x08002064   0x08002064   0x00000008   Code   RO         6020    i.u8x8_dummy_cb     u8x8_setup.o
    0x0800206c   0x0800206c   0x0000001a   Code   RO         5939    i.u8x8_gpio_call    u8x8_gpio.o
    0x08002086   0x08002086   0x00000008   Code   RO         5271    i.u8x8_utf8_init    u8x8_8x8.o
    0x0800208e   0x0800208e   0x00002f7b   Data   RO         4670    .constdata          u8g2_fonts.o
    0x08005009   0x08005009   0x00000003   PAD
    0x0800500c   0x0800500c   0x00000048   Data   RO         4979    .constdata          u8g2_setup.o
    0x08005054   0x08005054   0x00000299   Data   RO         5731    .constdata          u8x8_d_st7565.o
    0x080052ed   0x080052ed   0x00000003   PAD
    0x080052f0   0x080052f0   0x00000020   Data   RO         6152    Region$$Table       anon$$obj.o


    Execution Region RW_IRAM1 (Exec base: 0x20000000, Load base: 0x08005310, Size: 0x000008c0, Max: 0x00010000, ABSOLUTE)

    Exec Addr    Load Addr    Size         Type   Attr      Idx    E Section Name        Object

    0x20000000   0x08005310   0x00000014   Data   RW           28    .data               system_stm32f10x.o
    0x20000014   0x08005324   0x00000004   Data   RW          348    .data               bsp_systick.o
    0x20000018   0x08005328   0x00000014   Data   RW         2022    .data               stm32f10x_rcc.o
    0x2000002c        -       0x00000094   Zero   RW          138    .bss                main.o
    0x200000c0        -       0x00000400   Zero   RW         4320    .bss                u8g2_d_memory.o
    0x200004c0        -       0x00000400   Zero   RW            1    STACK               startup_stm32f10x_hd.o


==============================================================================

Image component sizes


      Code (inc. data)   RO Data    RW Data    ZI Data      Debug   Object Name

        96          6          0          0          0        490   bsp_led.o
       252         28          0          4          0      17677   bsp_systick.o
       660         72          0          0          0       2407   bsp_u8g2.o
       218         12          0          0          0       1503   bsp_usart.o
         0          0          0          0          0       4508   core_cm3.o
        36          6          0          0        148      23258   main.o
       132         22          0          0          0       1559   misc.o
        36          8        304          0       1024        836   startup_stm32f10x_hd.o
       286          0          0          0          0       3056   stm32f10x_gpio.o
        32          0          0          0          0       3574   stm32f10x_it.o
       244         26          0         20          0       3873   stm32f10x_rcc.o
       416          6          0          0          0       5571   stm32f10x_usart.o
       328         28          0         20          0     230189   system_stm32f10x.o
       252          0          0          0          0       3796   u8g2_buffer.o
        16          6          0          0       1024        796   u8g2_d_memory.o
        68         14          0          0          0        999   u8g2_d_setup.o
      1736         10          0          0          0      12960   u8g2_font.o
         0          0      12155          0          0        581   u8g2_fonts.o
       340          0          0          0          0       2495   u8g2_hvline.o
       106          0          0          0          0       1467   u8g2_intersection.o
       238          0          0          0          0       1354   u8g2_ll_hvline.o
       994          0         72          0          0      16867   u8g2_setup.o
        26          0          0          0          0        995   u8x8_8x8.o
       310          0          0          0          0       2907   u8x8_byte.o
       334          6          0          0          0       4461   u8x8_cad.o
       368         26        665          0          0       4199   u8x8_d_st7565.o
       252          0          0          0          0       4677   u8x8_display.o
        26          0          0          0          0        581   u8x8_gpio.o
        94          6          0          0          0       1786   u8x8_setup.o

    ----------------------------------------------------------------------
      7908        282      13234         44       2196     359422   Object Totals
         0          0         32          0          0          0   (incl. Generated)
        12          0          6          0          0          0   (incl. Padding)

    ----------------------------------------------------------------------

      Code (inc. data)   RO Data    RW Data    ZI Data      Debug   Library Member Name

         0          0          0          0          0          0   entry.o
         0          0          0          0          0          0   entry10a.o
         0          0          0          0          0          0   entry11a.o
         8          4          0          0          0          0   entry2.o
         4          0          0          0          0          0   entry5.o
         0          0          0          0          0          0   entry7b.o
         0          0          0          0          0          0   entry8b.o
         8          4          0          0          0          0   entry9a.o
        30          0          0          0          0          0   handlers.o
        36          8          0          0          0         68   init.o
        36          0          0          0          0        108   memseta.o

    ----------------------------------------------------------------------
       122         16          0          0          0        176   Library Totals
         0          0          0          0          0          0   (incl. Padding)

    ----------------------------------------------------------------------

      Code (inc. data)   RO Data    RW Data    ZI Data      Debug   Library Name

       122         16          0          0          0        176   mc_w.l

    ----------------------------------------------------------------------
       122         16          0          0          0        176   Library Totals

    ----------------------------------------------------------------------

==============================================================================


      Code (inc. data)   RO Data    RW Data    ZI Data      Debug   

      8030        298      13234         44       2196     353926   Grand Totals
      8030        298      13234         44       2196     353926   ELF Image Totals
      8030        298      13234         44          0          0   ROM Totals

==============================================================================

    Total RO  Size (Code + RO Data)                21264 (  20.77kB)
    Total RW  Size (RW Data + ZI Data)              2240 (   2.19kB)
    Total ROM Size (Code + RO Data + RW Data)      21308 (  20.81kB)

==============================================================================

